<html>
<body>
<pre>
<h1>µVision Build Log</h1>
<h2>Tool Versions:</h2>
IDE-Version: ¦ÌVision V5.38.0.0
Copyright (C) 2022 ARM Ltd and ARM Germany GmbH. All rights reserved.
License Information: Mike Londoge, None, LIC=MPPLD-8VUYH-ARXXW-QCGRZ-0ZQP3-HCWMF
 
Tool Versions:
Toolchain:       MDK-ARM Plus  Version: 5.38.0.0
Toolchain Path:  E:\MCU\keil2\ARM\ARMCC\Bin
C Compiler:      Armcc.exe V5.03 [Build 24]
Assembler:       Armasm.exe V5.03.0.24
Linker/Locator:  ArmLink.exe V5.03.0.24
Library Manager: ArmAr.exe V5.03.0.24
Hex Converter:   FromElf.exe V5.03.0.24
CPU DLL:         SARMCM3.DLL V5.38.0.0
Dialog DLL:      DCM.DLL V1.17.5.0
Target DLL:      STLink\ST-LINKIII-KEIL_SWO.dll V3.1.0.0
Dialog DLL:      TCM.DLL V1.56.4.0
 
<h2>Project:</h2>
D:\deskface\Stm32WH-GM5Test\MDK-ARM\Stm32WH-GM5Test.uvprojx
Project File Date:  05/11/2024

<h2>Output:</h2>
*** Using Compiler 'V5.03 [Build 24]', folder: 'E:\MCU\keil2\ARM\ARMCC\Bin'
Build target 'Stm32WH-GM5Test'
compiling main.c...
../Core/Src/main.c(79): warning:  #177-D: variable "rtext" was declared but never referenced
    unsigned char rtext[20] = {0};
../Core/Src/main.c(80): warning:  #177-D: variable "tpoint" was declared but never referenced
    unsigned char tpoint = 0;
../Core/Src/main.c(81): warning:  #177-D: variable "temp" was declared but never referenced
    unsigned char temp[2];
../Core/Src/main.c(82): warning:  #177-D: variable "tempi" was declared but never referenced
    unsigned short int tempi;
../Core/Src/main.c(84): warning:  #177-D: variable "dht11data" was declared but never referenced
    DHT11_Data_TypeDef dht11data = {0,0,0,0,0};
../Core/Src/main.c(86): warning:  #177-D: variable "read_flag" was declared but never referenced
    unsigned char read_flag = 0;
../Core/Src/main.c(87): warning:  #177-D: variable "spoint" was declared but never referenced
    unsigned char spoint = 0;
../Core/Src/main.c: 7 warnings, 0 errors
linking...
Program Size: Code=9772 RO-data=312 RW-data=1540 ZI-data=2276  
FromELF: creating hex file...
"Stm32WH-GM5Test\Stm32WH-GM5Test.axf" - 0 Error(s), 7 Warning(s).

<h2>Software Packages used:</h2>

Package Vendor: ARM
                http://www.keil.com/pack/ARM.CMSIS.5.9.0.pack
                ARM.CMSIS.5.9.0
                CMSIS (Common Microcontroller Software Interface Standard)
   * Component: CORE Version: 5.6.0

Package Vendor: Keil
                http://www.keil.com/pack/Keil.STM32F1xx_DFP.1.1.0.pack
                Keil.STM32F1xx_DFP.1.1.0
                STMicroelectronics STM32F1 Series Device Support, Drivers and Examples

<h2>Collection of Component include folders:</h2>
  ./RTE/_Stm32WH-GM5Test
  E:/MCU/ArmPack/ARM/CMSIS/5.9.0/CMSIS/Core/Include
  E:/MCU/ArmPack/Keil/STM32F1xx_DFP/1.1.0/Device/Include

<h2>Collection of Component Files used:</h2>

   * Component: ARM::CMSIS:CORE:5.6.0
      Include file:  CMSIS/Core/Include/tz_context.h
Build Time Elapsed:  00:00:01
</pre>
</body>
</html>
