ARM Linker, 5.03 [Build 24] [MDK-ARM Standard]

==============================================================================

Section Cross References

    startup_stm32f103xb.o(RESET) refers to startup_stm32f103xb.o(STACK) for __initial_sp
    startup_stm32f103xb.o(RESET) refers to startup_stm32f103xb.o(.text) for Reset_Handler
    startup_stm32f103xb.o(RESET) refers to stm32f1xx_it.o(i.NMI_Handler) for NMI_Handler
    startup_stm32f103xb.o(RESET) refers to stm32f1xx_it.o(i.HardFault_Handler) for HardFault_Handler
    startup_stm32f103xb.o(RESET) refers to stm32f1xx_it.o(i.MemManage_Handler) for MemManage_Handler
    startup_stm32f103xb.o(RESET) refers to stm32f1xx_it.o(i.BusFault_Handler) for BusFault_Handler
    startup_stm32f103xb.o(RESET) refers to stm32f1xx_it.o(i.UsageFault_Handler) for UsageFault_Handler
    startup_stm32f103xb.o(RESET) refers to stm32f1xx_it.o(i.SVC_Handler) for SVC_Handler
    startup_stm32f103xb.o(RESET) refers to stm32f1xx_it.o(i.DebugMon_Handler) for DebugMon_Handler
    startup_stm32f103xb.o(RESET) refers to stm32f1xx_it.o(i.PendSV_Handler) for PendSV_Handler
    startup_stm32f103xb.o(RESET) refers to stm32f1xx_it.o(i.SysTick_Handler) for SysTick_Handler
    startup_stm32f103xb.o(RESET) refers to stm32f1xx_it.o(i.USART1_IRQHandler) for USART1_IRQHandler
    startup_stm32f103xb.o(.text) refers to system_stm32f1xx.o(i.SystemInit) for SystemInit
    startup_stm32f103xb.o(.text) refers to entry.o(.ARM.Collect$$$$00000000) for __main
    dht11.o(i.DHT_GPIO_SET_INPUT) refers to stm32f1xx_hal_gpio.o(i.HAL_GPIO_Init) for HAL_GPIO_Init
    dht11.o(i.DHT_GPIO_SET_OUTPUT) refers to stm32f1xx_hal_gpio.o(i.HAL_GPIO_Init) for HAL_GPIO_Init
    dht11.o(i.Read_Byte) refers to stm32f1xx_hal_gpio.o(i.HAL_GPIO_ReadPin) for HAL_GPIO_ReadPin
    dht11.o(i.Read_Byte) refers to dht11.o(i.Delay_us) for Delay_us
    dht11.o(i.Read_DHT11) refers to dht11.o(i.DHT_GPIO_SET_OUTPUT) for DHT_GPIO_SET_OUTPUT
    dht11.o(i.Read_DHT11) refers to stm32f1xx_hal_gpio.o(i.HAL_GPIO_WritePin) for HAL_GPIO_WritePin
    dht11.o(i.Read_DHT11) refers to stm32f1xx_hal.o(i.HAL_Delay) for HAL_Delay
    dht11.o(i.Read_DHT11) refers to dht11.o(i.Delay_us) for Delay_us
    dht11.o(i.Read_DHT11) refers to dht11.o(i.DHT_GPIO_SET_INPUT) for DHT_GPIO_SET_INPUT
    dht11.o(i.Read_DHT11) refers to stm32f1xx_hal_gpio.o(i.HAL_GPIO_ReadPin) for HAL_GPIO_ReadPin
    dht11.o(i.Read_DHT11) refers to dht11.o(i.Read_Byte) for Read_Byte
    oled.o(i.OLED_Clear) refers to oled.o(i.OLED_SetCursor) for OLED_SetCursor
    oled.o(i.OLED_Clear) refers to oled.o(i.OLED_WriteData) for OLED_WriteData
    oled.o(i.OLED_Clear) refers to oled.o(.bss) for Reg_Screen
    oled.o(i.OLED_Init) refers to oled.o(i.OLED_WriteCommand) for OLED_WriteCommand
    oled.o(i.OLED_SetCursor) refers to oled.o(i.OLED_WriteCommand) for OLED_WriteCommand
    oled.o(i.OLED_ShowChar) refers to oled.o(i.OLED_SetCursor) for OLED_SetCursor
    oled.o(i.OLED_ShowChar) refers to oled.o(i.OLED_WriteData) for OLED_WriteData
    oled.o(i.OLED_ShowChar) refers to oled.o(.data) for OLED_F8x16
    oled.o(i.OLED_ShowString) refers to oled.o(i.OLED_ShowChar) for OLED_ShowChar
    oled.o(i.OLED_WriteCommand) refers to stm32f1xx_hal_i2c.o(i.HAL_I2C_Mem_Write) for HAL_I2C_Mem_Write
    oled.o(i.OLED_WriteCommand) refers to i2c.o(.bss) for hi2c1
    oled.o(i.OLED_WriteData) refers to stm32f1xx_hal_i2c.o(i.HAL_I2C_Mem_Write) for HAL_I2C_Mem_Write
    oled.o(i.OLED_WriteData) refers to i2c.o(.bss) for hi2c1
    myuart.o(i.HAL_UARTEx_RxEventCallback) refers to stm32f1xx_hal_uart.o(i.HAL_UARTEx_ReceiveToIdle_IT) for HAL_UARTEx_ReceiveToIdle_IT
    myuart.o(i.HAL_UARTEx_RxEventCallback) refers to myuart.o(.data) for indx
    myuart.o(i.HAL_UARTEx_RxEventCallback) refers to myuart.o(.bss) for text
    myuart.o(i.HAL_UARTEx_RxEventCallback) refers to main.o(.data) for rx_flag
    main.o(i.SystemClock_Config) refers to memseta.o(.text) for __aeabi_memclr4
    main.o(i.SystemClock_Config) refers to stm32f1xx_hal_rcc.o(i.HAL_RCC_OscConfig) for HAL_RCC_OscConfig
    main.o(i.SystemClock_Config) refers to main.o(i.Error_Handler) for Error_Handler
    main.o(i.SystemClock_Config) refers to stm32f1xx_hal_rcc.o(i.HAL_RCC_ClockConfig) for HAL_RCC_ClockConfig
    main.o(i.Uart_Process) refers to main.o(i.factory_crc16) for factory_crc16
    main.o(i.Uart_Process) refers to memseta.o(.text) for __aeabi_memclr
    main.o(i.Uart_Process) refers to stm32f1xx_hal_uart.o(i.HAL_UART_Transmit) for HAL_UART_Transmit
    main.o(i.Uart_Process) refers to oled.o(i.OLED_ShowString) for OLED_ShowString
    main.o(i.Uart_Process) refers to myuart.o(.data) for indx
    main.o(i.Uart_Process) refers to myuart.o(.bss) for text
    main.o(i.Uart_Process) refers to main.o(.bss) for temp_send
    main.o(i.Uart_Process) refers to main.o(.data) for send_num
    main.o(i.Uart_Process) refers to usart.o(.bss) for huart1
    main.o(i.main) refers to stm32f1xx_hal.o(i.HAL_Init) for HAL_Init
[...]
    stm32f1xx_hal_uart.o(i.HAL_UART_IRQHandler) refers to stm32f1xx_hal_uart.o(i.UART_EndRxTransfer) for UART_EndRxTransfer
    stm32f1xx_hal_uart.o(i.HAL_UART_IRQHandler) refers to stm32f1xx_hal_dma.o(i.HAL_DMA_Abort_IT) for HAL_DMA_Abort_IT
    stm32f1xx_hal_uart.o(i.HAL_UART_IRQHandler) refers to stm32f1xx_hal_uart.o(i.HAL_UART_ErrorCallback) for HAL_UART_ErrorCallback
    stm32f1xx_hal_uart.o(i.HAL_UART_IRQHandler) refers to stm32f1xx_hal_dma.o(i.HAL_DMA_Abort) for HAL_DMA_Abort
    stm32f1xx_hal_uart.o(i.HAL_UART_IRQHandler) refers to myuart.o(i.HAL_UARTEx_RxEventCallback) for HAL_UARTEx_RxEventCallback
    stm32f1xx_hal_uart.o(i.HAL_UART_IRQHandler) refers to stm32f1xx_hal_uart.o(i.UART_Transmit_IT) for UART_Transmit_IT
    stm32f1xx_hal_uart.o(i.HAL_UART_IRQHandler) refers to stm32f1xx_hal_uart.o(i.UART_EndTransmit_IT) for UART_EndTransmit_IT
    stm32f1xx_hal_uart.o(i.HAL_UART_IRQHandler) refers to stm32f1xx_hal_uart.o(i.UART_DMAAbortOnError) for UART_DMAAbortOnError
    stm32f1xx_hal_uart.o(i.HAL_UART_Init) refers to usart.o(i.HAL_UART_MspInit) for HAL_UART_MspInit
    stm32f1xx_hal_uart.o(i.HAL_UART_Init) refers to stm32f1xx_hal_uart.o(i.UART_SetConfig) for UART_SetConfig
    stm32f1xx_hal_uart.o(i.HAL_UART_Receive) refers to stm32f1xx_hal.o(i.HAL_GetTick) for HAL_GetTick
    stm32f1xx_hal_uart.o(i.HAL_UART_Receive) refers to stm32f1xx_hal_uart.o(i.UART_WaitOnFlagUntilTimeout) for UART_WaitOnFlagUntilTimeout
    stm32f1xx_hal_uart.o(i.HAL_UART_Receive_DMA) refers to stm32f1xx_hal_uart.o(i.UART_Start_Receive_DMA) for UART_Start_Receive_DMA
    stm32f1xx_hal_uart.o(i.HAL_UART_Receive_IT) refers to stm32f1xx_hal_uart.o(i.UART_Start_Receive_IT) for UART_Start_Receive_IT
    stm32f1xx_hal_uart.o(i.HAL_UART_Transmit) refers to stm32f1xx_hal.o(i.HAL_GetTick) for HAL_GetTick
    stm32f1xx_hal_uart.o(i.HAL_UART_Transmit) refers to stm32f1xx_hal_uart.o(i.UART_WaitOnFlagUntilTimeout) for UART_WaitOnFlagUntilTimeout
    stm32f1xx_hal_uart.o(i.HAL_UART_Transmit_DMA) refers to stm32f1xx_hal_dma.o(i.HAL_DMA_Start_IT) for HAL_DMA_Start_IT
    stm32f1xx_hal_uart.o(i.HAL_UART_Transmit_DMA) refers to stm32f1xx_hal_uart.o(i.UART_DMATransmitCplt) for UART_DMATransmitCplt
    stm32f1xx_hal_uart.o(i.HAL_UART_Transmit_DMA) refers to stm32f1xx_hal_uart.o(i.UART_DMATxHalfCplt) for UART_DMATxHalfCplt
    stm32f1xx_hal_uart.o(i.HAL_UART_Transmit_DMA) refers to stm32f1xx_hal_uart.o(i.UART_DMAError) for UART_DMAError
    stm32f1xx_hal_uart.o(i.UART_DMAAbortOnError) refers to stm32f1xx_hal_uart.o(i.HAL_UART_ErrorCallback) for HAL_UART_ErrorCallback
    stm32f1xx_hal_uart.o(i.UART_DMAError) refers to stm32f1xx_hal_uart.o(i.UART_EndTxTransfer) for UART_EndTxTransfer
    stm32f1xx_hal_uart.o(i.UART_DMAError) refers to stm32f1xx_hal_uart.o(i.UART_EndRxTransfer) for UART_EndRxTransfer
    stm32f1xx_hal_uart.o(i.UART_DMAError) refers to stm32f1xx_hal_uart.o(i.HAL_UART_ErrorCallback) for HAL_UART_ErrorCallback
    stm32f1xx_hal_uart.o(i.UART_DMAReceiveCplt) refers to myuart.o(i.HAL_UARTEx_RxEventCallback) for HAL_UARTEx_RxEventCallback
    stm32f1xx_hal_uart.o(i.UART_DMAReceiveCplt) refers to myuart.o(i.HAL_UART_RxCpltCallback) for HAL_UART_RxCpltCallback
    stm32f1xx_hal_uart.o(i.UART_DMARxAbortCallback) refers to stm32f1xx_hal_uart.o(i.HAL_UART_AbortCpltCallback) for HAL_UART_AbortCpltCallback
    stm32f1xx_hal_uart.o(i.UART_DMARxHalfCplt) refers to myuart.o(i.HAL_UARTEx_RxEventCallback) for HAL_UARTEx_RxEventCallback
    stm32f1xx_hal_uart.o(i.UART_DMARxHalfCplt) refers to stm32f1xx_hal_uart.o(i.HAL_UART_RxHalfCpltCallback) for HAL_UART_RxHalfCpltCallback
    stm32f1xx_hal_uart.o(i.UART_DMARxOnlyAbortCallback) refers to stm32f1xx_hal_uart.o(i.HAL_UART_AbortReceiveCpltCallback) for HAL_UART_AbortReceiveCpltCallback
    stm32f1xx_hal_uart.o(i.UART_DMATransmitCplt) refers to stm32f1xx_hal_uart.o(i.HAL_UART_TxCpltCallback) for HAL_UART_TxCpltCallback
    stm32f1xx_hal_uart.o(i.UART_DMATxAbortCallback) refers to stm32f1xx_hal_uart.o(i.HAL_UART_AbortCpltCallback) for HAL_UART_AbortCpltCallback
    stm32f1xx_hal_uart.o(i.UART_DMATxHalfCplt) refers to stm32f1xx_hal_uart.o(i.HAL_UART_TxHalfCpltCallback) for HAL_UART_TxHalfCpltCallback
    stm32f1xx_hal_uart.o(i.UART_DMATxOnlyAbortCallback) refers to stm32f1xx_hal_uart.o(i.HAL_UART_AbortTransmitCpltCallback) for HAL_UART_AbortTransmitCpltCallback
    stm32f1xx_hal_uart.o(i.UART_EndTransmit_IT) refers to stm32f1xx_hal_uart.o(i.HAL_UART_TxCpltCallback) for HAL_UART_TxCpltCallback
    stm32f1xx_hal_uart.o(i.UART_Receive_IT) refers to myuart.o(i.HAL_UARTEx_RxEventCallback) for HAL_UARTEx_RxEventCallback
    stm32f1xx_hal_uart.o(i.UART_Receive_IT) refers to myuart.o(i.HAL_UART_RxCpltCallback) for HAL_UART_RxCpltCallback
    stm32f1xx_hal_uart.o(i.UART_SetConfig) refers to stm32f1xx_hal_rcc.o(i.HAL_RCC_GetPCLK2Freq) for HAL_RCC_GetPCLK2Freq
    stm32f1xx_hal_uart.o(i.UART_SetConfig) refers to stm32f1xx_hal_rcc.o(i.HAL_RCC_GetPCLK1Freq) for HAL_RCC_GetPCLK1Freq
    stm32f1xx_hal_uart.o(i.UART_Start_Receive_DMA) refers to stm32f1xx_hal_dma.o(i.HAL_DMA_Start_IT) for HAL_DMA_Start_IT
    stm32f1xx_hal_uart.o(i.UART_Start_Receive_DMA) refers to stm32f1xx_hal_uart.o(i.UART_DMAReceiveCplt) for UART_DMAReceiveCplt
    stm32f1xx_hal_uart.o(i.UART_Start_Receive_DMA) refers to stm32f1xx_hal_uart.o(i.UART_DMARxHalfCplt) for UART_DMARxHalfCplt
    stm32f1xx_hal_uart.o(i.UART_Start_Receive_DMA) refers to stm32f1xx_hal_uart.o(i.UART_DMAError) for UART_DMAError
    stm32f1xx_hal_uart.o(i.UART_WaitOnFlagUntilTimeout) refers to stm32f1xx_hal.o(i.HAL_GetTick) for HAL_GetTick
    system_stm32f1xx.o(i.SystemCoreClockUpdate) refers to system_stm32f1xx.o(.data) for SystemCoreClock
    system_stm32f1xx.o(i.SystemCoreClockUpdate) refers to system_stm32f1xx.o(.constdata) for AHBPrescTable
    entry.o(.ARM.Collect$$$$00000000) refers (Special) to entry10a.o(.ARM.Collect$$$$0000000D) for __rt_final_cpp
    entry.o(.ARM.Collect$$$$00000000) refers (Special) to entry11a.o(.ARM.Collect$$$$0000000F) for __rt_final_exit
    entry.o(.ARM.Collect$$$$00000000) refers (Special) to entry7b.o(.ARM.Collect$$$$00000008) for _main_clock
    entry.o(.ARM.Collect$$$$00000000) refers (Special) to entry8b.o(.ARM.Collect$$$$0000000A) for _main_cpp_init
    entry.o(.ARM.Collect$$$$00000000) refers (Special) to entry9a.o(.ARM.Collect$$$$0000000B) for _main_init
    entry.o(.ARM.Collect$$$$00000000) refers (Special) to entry5.o(.ARM.Collect$$$$00000004) for _main_scatterload
    entry.o(.ARM.Collect$$$$00000000) refers (Special) to entry2.o(.ARM.Collect$$$$00000001) for _main_stk
    entry2.o(.ARM.Collect$$$$00000001) refers to entry2.o(.ARM.Collect$$$$00002712) for __lit__00000000
    entry2.o(.ARM.Collect$$$$00002712) refers to startup_stm32f103xb.o(STACK) for __initial_sp
    entry2.o(__vectab_stack_and_reset_area) refers to startup_stm32f103xb.o(STACK) for __initial_sp
    entry2.o(__vectab_stack_and_reset_area) refers to entry.o(.ARM.Collect$$$$00000000) for __main
    entry5.o(.ARM.Collect$$$$00000004) refers to init.o(.text) for __scatterload
    entry9a.o(.ARM.Collect$$$$0000000B) refers to main.o(i.main) for main
    entry9b.o(.ARM.Collect$$$$0000000C) refers to main.o(i.main) for main
    init.o(.text) refers to entry5.o(.ARM.Collect$$$$00000004) for __main_after_scatterload


==============================================================================

Removing Unused input sections from the image.

    Removing startup_stm32f103xb.o(HEAP), (512 bytes).
    Removing dht11.o(.rev16_text), (4 bytes).
    Removing dht11.o(.revsh_text), (4 bytes).
    Removing dht11.o(.rrx_text), (6 bytes).
    Removing dht11.o(i.DHT_GPIO_SET_INPUT), (32 bytes).
    Removing dht11.o(i.DHT_GPIO_SET_OUTPUT), (32 bytes).
    Removing dht11.o(i.Delay_us), (18 bytes).
    Removing dht11.o(i.Read_Byte), (96 bytes).
    Removing dht11.o(i.Read_DHT11), (164 bytes).
    Removing oled.o(.rev16_text), (4 bytes).
    Removing oled.o(.revsh_text), (4 bytes).
    Removing oled.o(.rrx_text), (6 bytes).
    Removing oled.o(i.OLED_Clear), (88 bytes).
    Removing oled.o(i.OLED_Init), (166 bytes).
    Removing oled.o(i.OLED_SetCursor), (34 bytes).
    Removing oled.o(i.OLED_ShowChar), (116 bytes).
    Removing oled.o(i.OLED_ShowString), (40 bytes).
    Removing oled.o(i.OLED_WriteCommand), (36 bytes).
    Removing oled.o(i.OLED_WriteData), (36 bytes).
    Removing oled.o(.bss), (1024 bytes).
    Removing oled.o(.data), (1520 bytes).
    Removing myuart.o(.rev16_text), (4 bytes).
    Removing myuart.o(.revsh_text), (4 bytes).
    Removing myuart.o(.rrx_text), (6 bytes).
    Removing main.o(.rev16_text), (4 bytes).
    Removing main.o(.revsh_text), (4 bytes).
    Removing main.o(.rrx_text), (6 bytes).
    Removing main.o(i.Uart_Process), (404 bytes).
    Removing main.o(i.factory_crc16), (60 bytes).
    Removing main.o(.bss), (32 bytes).
    Removing gpio.o(.rev16_text), (4 bytes).
    Removing gpio.o(.revsh_text), (4 bytes).
    Removing gpio.o(.rrx_text), (6 bytes).
    Removing i2c.o(.rev16_text), (4 bytes).
    Removing i2c.o(.revsh_text), (4 bytes).
    Removing i2c.o(.rrx_text), (6 bytes).
    Removing i2c.o(i.HAL_I2C_MspDeInit), (56 bytes).
    Removing tim.o(.rev16_text), (4 bytes).
    Removing tim.o(.revsh_text), (4 bytes).
    Removing tim.o(.rrx_text), (6 bytes).
    Removing tim.o(i.HAL_TIM_Base_MspDeInit), (32 bytes).
    Removing usart.o(.rev16_text), (4 bytes).
    Removing usart.o(.revsh_text), (4 bytes).
    Removing usart.o(.rrx_text), (6 bytes).
    Removing usart.o(i.HAL_UART_MspDeInit), (56 bytes).
    Removing stm32f1xx_it.o(.rev16_text), (4 bytes).
    Removing stm32f1xx_it.o(.revsh_text), (4 bytes).
    Removing stm32f1xx_it.o(.rrx_text), (6 bytes).
    Removing stm32f1xx_hal_msp.o(.rev16_text), (4 bytes).
    Removing stm32f1xx_hal_msp.o(.revsh_text), (4 bytes).
    Removing stm32f1xx_hal_msp.o(.rrx_text), (6 bytes).
    Removing stm32f1xx_hal_gpio_ex.o(.rev16_text), (4 bytes).
    Removing stm32f1xx_hal_gpio_ex.o(.revsh_text), (4 bytes).
    Removing stm32f1xx_hal_gpio_ex.o(.rrx_text), (6 bytes).
    Removing stm32f1xx_hal_gpio_ex.o(i.HAL_GPIOEx_ConfigEventout), (24 bytes).
    Removing stm32f1xx_hal_gpio_ex.o(i.HAL_GPIOEx_DisableEventout), (20 bytes).
    Removing stm32f1xx_hal_gpio_ex.o(i.HAL_GPIOEx_EnableEventout), (20 bytes).
    Removing stm32f1xx_hal_i2c.o(.rev16_text), (4 bytes).
    Removing stm32f1xx_hal_i2c.o(.revsh_text), (4 bytes).
    Removing stm32f1xx_hal_i2c.o(.rrx_text), (6 bytes).
    Removing stm32f1xx_hal_i2c.o(i.HAL_I2C_AbortCpltCallback), (2 bytes).
    Removing stm32f1xx_hal_i2c.o(i.HAL_I2C_AddrCallback), (2 bytes).
    Removing stm32f1xx_hal_i2c.o(i.HAL_I2C_DeInit), (60 bytes).
    Removing stm32f1xx_hal_i2c.o(i.HAL_I2C_DisableListen_IT), (70 bytes).
    Removing stm32f1xx_hal_i2c.o(i.HAL_I2C_ER_IRQHandler), (224 bytes).
    Removing stm32f1xx_hal_i2c.o(i.HAL_I2C_EV_IRQHandler), (474 bytes).
    Removing stm32f1xx_hal_i2c.o(i.HAL_I2C_EnableListen_IT), (70 bytes).
    Removing stm32f1xx_hal_i2c.o(i.HAL_I2C_ErrorCallback), (2 bytes).
    Removing stm32f1xx_hal_i2c.o(i.HAL_I2C_GetError), (6 bytes).
    Removing stm32f1xx_hal_i2c.o(i.HAL_I2C_GetMode), (8 bytes).
    Removing stm32f1xx_hal_i2c.o(i.HAL_I2C_GetState), (8 bytes).
    Removing stm32f1xx_hal_i2c.o(i.HAL_I2C_IsDeviceReady), (440 bytes).
    Removing stm32f1xx_hal_i2c.o(i.HAL_I2C_ListenCpltCallback), (2 bytes).
    Removing stm32f1xx_hal_i2c.o(i.HAL_I2C_MasterRxCpltCallback), (2 bytes).
    Removing stm32f1xx_hal_i2c.o(i.HAL_I2C_MasterTxCpltCallback), (2 bytes).
    Removing stm32f1xx_hal_i2c.o(i.HAL_I2C_Master_Abort_IT), (122 bytes).
    Removing stm32f1xx_hal_i2c.o(i.HAL_I2C_Master_Receive), (876 bytes).
    Removing stm32f1xx_hal_i2c.o(i.HAL_I2C_Master_Receive_DMA), (452 bytes).
    Removing stm32f1xx_hal_i2c.o(i.HAL_I2C_Master_Receive_IT), (244 bytes).
    Removing stm32f1xx_hal_i2c.o(i.HAL_I2C_Master_Seq_Receive_DMA), (676 bytes).
    Removing stm32f1xx_hal_i2c.o(i.HAL_I2C_Master_Seq_Receive_IT), (364 bytes).
    Removing stm32f1xx_hal_i2c.o(i.HAL_I2C_Master_Seq_Transmit_DMA), (548 bytes).
    Removing stm32f1xx_hal_i2c.o(i.HAL_I2C_Master_Seq_Transmit_IT), (288 bytes).
    Removing stm32f1xx_hal_i2c.o(i.HAL_I2C_Master_Transmit), (368 bytes).
    Removing stm32f1xx_hal_i2c.o(i.HAL_I2C_Master_Transmit_DMA), (452 bytes).
    Removing stm32f1xx_hal_i2c.o(i.HAL_I2C_Master_Transmit_IT), (232 bytes).
    Removing stm32f1xx_hal_i2c.o(i.HAL_I2C_MemRxCpltCallback), (2 bytes).
    Removing stm32f1xx_hal_i2c.o(i.HAL_I2C_MemTxCpltCallback), (2 bytes).
    Removing stm32f1xx_hal_i2c.o(i.HAL_I2C_Mem_Read), (868 bytes).
    Removing stm32f1xx_hal_i2c.o(i.HAL_I2C_Mem_Read_DMA), (604 bytes).
    Removing stm32f1xx_hal_i2c.o(i.HAL_I2C_Mem_Read_IT), (264 bytes).
    Removing stm32f1xx_hal_i2c.o(i.HAL_I2C_Mem_Write), (356 bytes).
    Removing stm32f1xx_hal_i2c.o(i.HAL_I2C_Mem_Write_DMA), (532 bytes).
    Removing stm32f1xx_hal_i2c.o(i.HAL_I2C_Mem_Write_IT), (244 bytes).
    Removing stm32f1xx_hal_i2c.o(i.HAL_I2C_MspDeInit), (2 bytes).
    Removing stm32f1xx_hal_i2c.o(i.HAL_I2C_MspInit), (2 bytes).
    Removing stm32f1xx_hal_i2c.o(i.HAL_I2C_SlaveRxCpltCallback), (2 bytes).
    Removing stm32f1xx_hal_i2c.o(i.HAL_I2C_SlaveTxCpltCallback), (2 bytes).
    Removing stm32f1xx_hal_i2c.o(i.HAL_I2C_Slave_Receive), (384 bytes).
    Removing stm32f1xx_hal_i2c.o(i.HAL_I2C_Slave_Receive_DMA), (300 bytes).
    Removing stm32f1xx_hal_i2c.o(i.HAL_I2C_Slave_Receive_IT), (152 bytes).
    Removing stm32f1xx_hal_i2c.o(i.HAL_I2C_Slave_Seq_Receive_DMA), (460 bytes).
    Removing stm32f1xx_hal_i2c.o(i.HAL_I2C_Slave_Seq_Receive_IT), (158 bytes).
    Removing stm32f1xx_hal_i2c.o(i.HAL_I2C_Slave_Seq_Transmit_DMA), (460 bytes).
    Removing stm32f1xx_hal_i2c.o(i.HAL_I2C_Slave_Seq_Transmit_IT), (158 bytes).
    Removing stm32f1xx_hal_i2c.o(i.HAL_I2C_Slave_Transmit), (404 bytes).
    Removing stm32f1xx_hal_i2c.o(i.HAL_I2C_Slave_Transmit_DMA), (300 bytes).
    Removing stm32f1xx_hal_i2c.o(i.HAL_I2C_Slave_Transmit_IT), (152 bytes).
    Removing stm32f1xx_hal_i2c.o(i.I2C_ConvertOtherXferOptions), (28 bytes).
    Removing stm32f1xx_hal_i2c.o(i.I2C_DMAAbort), (248 bytes).
    Removing stm32f1xx_hal_i2c.o(i.I2C_DMAError), (70 bytes).
    Removing stm32f1xx_hal_i2c.o(i.I2C_DMAXferCplt), (304 bytes).
    Removing stm32f1xx_hal_i2c.o(i.I2C_Flush_DR), (18 bytes).
    Removing stm32f1xx_hal_i2c.o(i.I2C_ITError), (428 bytes).
    Removing stm32f1xx_hal_i2c.o(i.I2C_IsAcknowledgeFailed), (62 bytes).
    Removing stm32f1xx_hal_i2c.o(i.I2C_MasterReceive_BTF), (294 bytes).
    Removing stm32f1xx_hal_i2c.o(i.I2C_MasterReceive_RXNE), (240 bytes).
    Removing stm32f1xx_hal_i2c.o(i.I2C_MasterRequestRead), (312 bytes).
    Removing stm32f1xx_hal_i2c.o(i.I2C_MasterRequestWrite), (192 bytes).
    Removing stm32f1xx_hal_i2c.o(i.I2C_MasterTransmit_BTF), (160 bytes).
    Removing stm32f1xx_hal_i2c.o(i.I2C_MasterTransmit_TXE), (216 bytes).
    Removing stm32f1xx_hal_i2c.o(i.I2C_Master_ADD10), (42 bytes).
    Removing stm32f1xx_hal_i2c.o(i.I2C_Master_ADDR), (640 bytes).
    Removing stm32f1xx_hal_i2c.o(i.I2C_Master_SB), (158 bytes).
    Removing stm32f1xx_hal_i2c.o(i.I2C_MemoryTransmit_TXE_BTF), (198 bytes).
    Removing stm32f1xx_hal_i2c.o(i.I2C_RequestMemoryRead), (352 bytes).
    Removing stm32f1xx_hal_i2c.o(i.I2C_RequestMemoryWrite), (224 bytes).
    Removing stm32f1xx_hal_i2c.o(i.I2C_SlaveReceive_BTF), (26 bytes).
    Removing stm32f1xx_hal_i2c.o(i.I2C_SlaveReceive_RXNE), (70 bytes).
    Removing stm32f1xx_hal_i2c.o(i.I2C_SlaveTransmit_BTF), (26 bytes).
    Removing stm32f1xx_hal_i2c.o(i.I2C_SlaveTransmit_TXE), (70 bytes).
    Removing stm32f1xx_hal_i2c.o(i.I2C_Slave_ADDR), (112 bytes).
    Removing stm32f1xx_hal_i2c.o(i.I2C_Slave_AF), (168 bytes).
    Removing stm32f1xx_hal_i2c.o(i.I2C_Slave_STOPF), (396 bytes).
    Removing stm32f1xx_hal_i2c.o(i.I2C_WaitOnBTFFlagUntilTimeout), (102 bytes).
    Removing stm32f1xx_hal_i2c.o(i.I2C_WaitOnFlagUntilTimeout), (190 bytes).
    Removing stm32f1xx_hal_i2c.o(i.I2C_WaitOnMasterAddressFlagUntilTimeout), (248 bytes).
    Removing stm32f1xx_hal_i2c.o(i.I2C_WaitOnRXNEFlagUntilTimeout), (138 bytes).
    Removing stm32f1xx_hal_i2c.o(i.I2C_WaitOnSTOPFlagUntilTimeout), (98 bytes).
    Removing stm32f1xx_hal_i2c.o(i.I2C_WaitOnSTOPRequestThroughIT), (80 bytes).
    Removing stm32f1xx_hal_i2c.o(i.I2C_WaitOnTXEFlagUntilTimeout), (102 bytes).
    Removing stm32f1xx_hal.o(.rev16_text), (4 bytes).
    Removing stm32f1xx_hal.o(.revsh_text), (4 bytes).
    Removing stm32f1xx_hal.o(.rrx_text), (6 bytes).
    Removing stm32f1xx_hal.o(i.HAL_DBGMCU_DisableDBGSleepMode), (20 bytes).
    Removing stm32f1xx_hal.o(i.HAL_DBGMCU_DisableDBGStandbyMode), (20 bytes).
    Removing stm32f1xx_hal.o(i.HAL_DBGMCU_DisableDBGStopMode), (20 bytes).
    Removing stm32f1xx_hal.o(i.HAL_DBGMCU_EnableDBGSleepMode), (20 bytes).
    Removing stm32f1xx_hal.o(i.HAL_DBGMCU_EnableDBGStandbyMode), (20 bytes).
    Removing stm32f1xx_hal.o(i.HAL_DBGMCU_EnableDBGStopMode), (20 bytes).
    Removing stm32f1xx_hal.o(i.HAL_DeInit), (36 bytes).
    Removing stm32f1xx_hal.o(i.HAL_GetDEVID), (16 bytes).
    Removing stm32f1xx_hal.o(i.HAL_GetHalVersion), (8 bytes).
    Removing stm32f1xx_hal.o(i.HAL_GetREVID), (12 bytes).
    Removing stm32f1xx_hal.o(i.HAL_GetTickFreq), (12 bytes).
    Removing stm32f1xx_hal.o(i.HAL_GetTickPrio), (12 bytes).
    Removing stm32f1xx_hal.o(i.HAL_GetUIDw0), (12 bytes).
    Removing stm32f1xx_hal.o(i.HAL_GetUIDw1), (12 bytes).
    Removing stm32f1xx_hal.o(i.HAL_GetUIDw2), (12 bytes).
    Removing stm32f1xx_hal.o(i.HAL_MspDeInit), (2 bytes).
    Removing stm32f1xx_hal.o(i.HAL_MspInit), (2 bytes).
    Removing stm32f1xx_hal.o(i.HAL_ResumeTick), (18 bytes).
    Removing stm32f1xx_hal.o(i.HAL_SetTickFreq), (48 bytes).
    Removing stm32f1xx_hal.o(i.HAL_SuspendTick), (18 bytes).
    Removing stm32f1xx_hal_rcc.o(.rev16_text), (4 bytes).
    Removing stm32f1xx_hal_rcc.o(.revsh_text), (4 bytes).
    Removing stm32f1xx_hal_rcc.o(.rrx_text), (6 bytes).
    Removing stm32f1xx_hal_rcc.o(i.HAL_RCC_CSSCallback), (2 bytes).
    Removing stm32f1xx_hal_rcc.o(i.HAL_RCC_DeInit), (264 bytes).
    Removing stm32f1xx_hal_rcc.o(i.HAL_RCC_DisableCSS), (12 bytes).
    Removing stm32f1xx_hal_rcc.o(i.HAL_RCC_EnableCSS), (12 bytes).
    Removing stm32f1xx_hal_rcc.o(i.HAL_RCC_GetClockConfig), (68 bytes).
    Removing stm32f1xx_hal_rcc.o(i.HAL_RCC_GetOscConfig), (200 bytes).
    Removing stm32f1xx_hal_rcc.o(i.HAL_RCC_MCOConfig), (100 bytes).
    Removing stm32f1xx_hal_rcc.o(i.HAL_RCC_NMI_IRQHandler), (32 bytes).
    Removing stm32f1xx_hal_rcc_ex.o(.rev16_text), (4 bytes).
    Removing stm32f1xx_hal_rcc_ex.o(.revsh_text), (4 bytes).
    Removing stm32f1xx_hal_rcc_ex.o(.rrx_text), (6 bytes).
    Removing stm32f1xx_hal_rcc_ex.o(i.HAL_RCCEx_GetPeriphCLKConfig), (60 bytes).
    Removing stm32f1xx_hal_rcc_ex.o(i.HAL_RCCEx_GetPeriphCLKFreq), (252 bytes).
    Removing stm32f1xx_hal_rcc_ex.o(i.HAL_RCCEx_PeriphCLKConfig), (296 bytes).
    Removing stm32f1xx_hal_rcc_ex.o(.constdata), (18 bytes).
    Removing stm32f1xx_hal_gpio.o(.rev16_text), (4 bytes).
    Removing stm32f1xx_hal_gpio.o(.revsh_text), (4 bytes).
    Removing stm32f1xx_hal_gpio.o(.rrx_text), (6 bytes).
    Removing stm32f1xx_hal_gpio.o(i.HAL_GPIO_DeInit), (308 bytes).
    Removing stm32f1xx_hal_gpio.o(i.HAL_GPIO_EXTI_Callback), (2 bytes).
    Removing stm32f1xx_hal_gpio.o(i.HAL_GPIO_EXTI_IRQHandler), (28 bytes).
    Removing stm32f1xx_hal_gpio.o(i.HAL_GPIO_LockPin), (46 bytes).
    Removing stm32f1xx_hal_gpio.o(i.HAL_GPIO_ReadPin), (16 bytes).
    Removing stm32f1xx_hal_dma.o(.rev16_text), (4 bytes).
    Removing stm32f1xx_hal_dma.o(.revsh_text), (4 bytes).
    Removing stm32f1xx_hal_dma.o(.rrx_text), (6 bytes).
    Removing stm32f1xx_hal_dma.o(i.DMA_SetConfig), (44 bytes).
    Removing stm32f1xx_hal_dma.o(i.HAL_DMA_DeInit), (104 bytes).
    Removing stm32f1xx_hal_dma.o(i.HAL_DMA_GetError), (6 bytes).
    Removing stm32f1xx_hal_dma.o(i.HAL_DMA_GetState), (8 bytes).
    Removing stm32f1xx_hal_dma.o(i.HAL_DMA_IRQHandler), (408 bytes).
    Removing stm32f1xx_hal_dma.o(i.HAL_DMA_Init), (104 bytes).
    Removing stm32f1xx_hal_dma.o(i.HAL_DMA_PollForTransfer), (688 bytes).
    Removing stm32f1xx_hal_dma.o(i.HAL_DMA_RegisterCallback), (90 bytes).
    Removing stm32f1xx_hal_dma.o(i.HAL_DMA_Start), (114 bytes).
    Removing stm32f1xx_hal_dma.o(i.HAL_DMA_Start_IT), (156 bytes).
    Removing stm32f1xx_hal_dma.o(i.HAL_DMA_UnRegisterCallback), (108 bytes).
    Removing stm32f1xx_hal_cortex.o(.rev16_text), (4 bytes).
    Removing stm32f1xx_hal_cortex.o(.revsh_text), (4 bytes).
    Removing stm32f1xx_hal_cortex.o(.rrx_text), (6 bytes).
    Removing stm32f1xx_hal_cortex.o(i.HAL_NVIC_ClearPendingIRQ), (36 bytes).
    Removing stm32f1xx_hal_cortex.o(i.HAL_NVIC_DisableIRQ), (68 bytes).
    Removing stm32f1xx_hal_cortex.o(i.HAL_NVIC_GetActive), (48 bytes).
    Removing stm32f1xx_hal_cortex.o(i.HAL_NVIC_GetPendingIRQ), (48 bytes).
    Removing stm32f1xx_hal_cortex.o(i.HAL_NVIC_GetPriority), (148 bytes).
    Removing stm32f1xx_hal_cortex.o(i.HAL_NVIC_GetPriorityGrouping), (8 bytes).
    Removing stm32f1xx_hal_cortex.o(i.HAL_NVIC_SetPendingIRQ), (36 bytes).
    Removing stm32f1xx_hal_cortex.o(i.HAL_NVIC_SystemReset), (68 bytes).
    Removing stm32f1xx_hal_cortex.o(i.HAL_SYSTICK_CLKSourceConfig), (40 bytes).
    Removing stm32f1xx_hal_cortex.o(i.HAL_SYSTICK_Callback), (2 bytes).
    Removing stm32f1xx_hal_cortex.o(i.HAL_SYSTICK_IRQHandler), (8 bytes).
    Removing stm32f1xx_hal_pwr.o(.rev16_text), (4 bytes).
    Removing stm32f1xx_hal_pwr.o(.revsh_text), (4 bytes).
    Removing stm32f1xx_hal_pwr.o(.rrx_text), (6 bytes).
    Removing stm32f1xx_hal_pwr.o(i.HAL_PWR_ConfigPVD), (180 bytes).
    Removing stm32f1xx_hal_pwr.o(i.HAL_PWR_DeInit), (28 bytes).
    Removing stm32f1xx_hal_pwr.o(i.HAL_PWR_DisableBkUpAccess), (12 bytes).
    Removing stm32f1xx_hal_pwr.o(i.HAL_PWR_DisablePVD), (12 bytes).
    Removing stm32f1xx_hal_pwr.o(i.HAL_PWR_DisableSEVOnPend), (20 bytes).
    Removing stm32f1xx_hal_pwr.o(i.HAL_PWR_DisableSleepOnExit), (20 bytes).
    Removing stm32f1xx_hal_pwr.o(i.HAL_PWR_DisableWakeUpPin), (28 bytes).
    Removing stm32f1xx_hal_pwr.o(i.HAL_PWR_EnableBkUpAccess), (12 bytes).
    Removing stm32f1xx_hal_pwr.o(i.HAL_PWR_EnablePVD), (12 bytes).
    Removing stm32f1xx_hal_pwr.o(i.HAL_PWR_EnableSEVOnPend), (20 bytes).
    Removing stm32f1xx_hal_pwr.o(i.HAL_PWR_EnableSleepOnExit), (20 bytes).
    Removing stm32f1xx_hal_pwr.o(i.HAL_PWR_EnableWakeUpPin), (28 bytes).
    Removing stm32f1xx_hal_pwr.o(i.HAL_PWR_EnterSLEEPMode), (32 bytes).
    Removing stm32f1xx_hal_pwr.o(i.HAL_PWR_EnterSTANDBYMode), (40 bytes).
    Removing stm32f1xx_hal_pwr.o(i.HAL_PWR_EnterSTOPMode), (84 bytes).
    Removing stm32f1xx_hal_pwr.o(i.HAL_PWR_PVDCallback), (2 bytes).
    Removing stm32f1xx_hal_pwr.o(i.HAL_PWR_PVD_IRQHandler), (32 bytes).
    Removing stm32f1xx_hal_pwr.o(i.PWR_OverloadWfe), (6 bytes).
    Removing stm32f1xx_hal_flash.o(.rev16_text), (4 bytes).
    Removing stm32f1xx_hal_flash.o(.revsh_text), (4 bytes).
    Removing stm32f1xx_hal_flash.o(.rrx_text), (6 bytes).
    Removing stm32f1xx_hal_flash.o(i.FLASH_Program_HalfWord), (32 bytes).
    Removing stm32f1xx_hal_flash.o(i.FLASH_SetErrorCode), (132 bytes).
    Removing stm32f1xx_hal_flash.o(i.FLASH_WaitForLastOperation), (108 bytes).
    Removing stm32f1xx_hal_flash.o(i.HAL_FLASH_EndOfOperationCallback), (2 bytes).
    Removing stm32f1xx_hal_flash.o(i.HAL_FLASH_GetError), (12 bytes).
    Removing stm32f1xx_hal_flash.o(i.HAL_FLASH_IRQHandler), (384 bytes).
    Removing stm32f1xx_hal_flash.o(i.HAL_FLASH_Lock), (20 bytes).
    Removing stm32f1xx_hal_flash.o(i.HAL_FLASH_OB_Launch), (8 bytes).
    Removing stm32f1xx_hal_flash.o(i.HAL_FLASH_OB_Lock), (20 bytes).
    Removing stm32f1xx_hal_flash.o(i.HAL_FLASH_OB_Unlock), (44 bytes).
    Removing stm32f1xx_hal_flash.o(i.HAL_FLASH_OperationErrorCallback), (2 bytes).
    Removing stm32f1xx_hal_flash.o(i.HAL_FLASH_Program), (180 bytes).
    Removing stm32f1xx_hal_flash.o(i.HAL_FLASH_Program_IT), (124 bytes).
    Removing stm32f1xx_hal_flash.o(i.HAL_FLASH_Unlock), (48 bytes).
    Removing stm32f1xx_hal_flash.o(.bss), (32 bytes).
    Removing stm32f1xx_hal_flash_ex.o(.rev16_text), (4 bytes).
    Removing stm32f1xx_hal_flash_ex.o(.revsh_text), (4 bytes).
    Removing stm32f1xx_hal_flash_ex.o(.rrx_text), (6 bytes).
    Removing stm32f1xx_hal_flash_ex.o(i.FLASH_MassErase), (40 bytes).
    Removing stm32f1xx_hal_flash_ex.o(i.FLASH_OB_DisableWRP), (232 bytes).
    Removing stm32f1xx_hal_flash_ex.o(i.FLASH_OB_EnableWRP), (236 bytes).
    Removing stm32f1xx_hal_flash_ex.o(i.FLASH_OB_GetRDP), (28 bytes).
    Removing stm32f1xx_hal_flash_ex.o(i.FLASH_OB_GetUser), (16 bytes).
    Removing stm32f1xx_hal_flash_ex.o(i.FLASH_OB_GetWRP), (12 bytes).
    Removing stm32f1xx_hal_flash_ex.o(i.FLASH_OB_ProgramData), (76 bytes).
    Removing stm32f1xx_hal_flash_ex.o(i.FLASH_OB_RDP_LevelConfig), (124 bytes).
    Removing stm32f1xx_hal_flash_ex.o(i.FLASH_OB_UserConfig), (84 bytes).
    Removing stm32f1xx_hal_flash_ex.o(i.FLASH_PageErase), (40 bytes).
    Removing stm32f1xx_hal_flash_ex.o(i.HAL_FLASHEx_Erase), (176 bytes).
    Removing stm32f1xx_hal_flash_ex.o(i.HAL_FLASHEx_Erase_IT), (100 bytes).
    Removing stm32f1xx_hal_flash_ex.o(i.HAL_FLASHEx_OBErase), (96 bytes).
    Removing stm32f1xx_hal_flash_ex.o(i.HAL_FLASHEx_OBGetConfig), (28 bytes).
    Removing stm32f1xx_hal_flash_ex.o(i.HAL_FLASHEx_OBGetUserData), (40 bytes).
    Removing stm32f1xx_hal_flash_ex.o(i.HAL_FLASHEx_OBProgram), (200 bytes).
    Removing stm32f1xx_hal_exti.o(.rev16_text), (4 bytes).
    Removing stm32f1xx_hal_exti.o(.revsh_text), (4 bytes).
    Removing stm32f1xx_hal_exti.o(.rrx_text), (6 bytes).
    Removing stm32f1xx_hal_exti.o(i.HAL_EXTI_ClearConfigLine), (120 bytes).
    Removing stm32f1xx_hal_exti.o(i.HAL_EXTI_ClearPending), (28 bytes).
    Removing stm32f1xx_hal_exti.o(i.HAL_EXTI_GenerateSWI), (24 bytes).
    Removing stm32f1xx_hal_exti.o(i.HAL_EXTI_GetConfigLine), (156 bytes).
    Removing stm32f1xx_hal_exti.o(i.HAL_EXTI_GetHandle), (14 bytes).
    Removing stm32f1xx_hal_exti.o(i.HAL_EXTI_GetPending), (36 bytes).
    Removing stm32f1xx_hal_exti.o(i.HAL_EXTI_IRQHandler), (44 bytes).
    Removing stm32f1xx_hal_exti.o(i.HAL_EXTI_RegisterCallback), (20 bytes).
    Removing stm32f1xx_hal_exti.o(i.HAL_EXTI_SetConfigLine), (240 bytes).
    Removing stm32f1xx_hal_tim.o(.rev16_text), (4 bytes).
    Removing stm32f1xx_hal_tim.o(.revsh_text), (4 bytes).
    Removing stm32f1xx_hal_tim.o(.rrx_text), (6 bytes).
    Removing stm32f1xx_hal_tim.o(i.HAL_TIM_Base_DeInit), (120 bytes).
    Removing stm32f1xx_hal_tim.o(i.HAL_TIM_Base_GetState), (8 bytes).
    Removing stm32f1xx_hal_tim.o(i.HAL_TIM_Base_MspDeInit), (2 bytes).
    Removing stm32f1xx_hal_tim.o(i.HAL_TIM_Base_MspInit), (2 bytes).
    Removing stm32f1xx_hal_tim.o(i.HAL_TIM_Base_Start), (108 bytes).
    Removing stm32f1xx_hal_tim.o(i.HAL_TIM_Base_Start_DMA), (200 bytes).
    Removing stm32f1xx_hal_tim.o(i.HAL_TIM_Base_Start_IT), (120 bytes).
    Removing stm32f1xx_hal_tim.o(i.HAL_TIM_Base_Stop), (50 bytes).
    Removing stm32f1xx_hal_tim.o(i.HAL_TIM_Base_Stop_DMA), (70 bytes).
    Removing stm32f1xx_hal_tim.o(i.HAL_TIM_Base_Stop_IT), (62 bytes).
    Removing stm32f1xx_hal_tim.o(i.HAL_TIM_ConfigOCrefClear), (278 bytes).
    Removing stm32f1xx_hal_tim.o(i.HAL_TIM_ConfigTI1Input), (22 bytes).
    Removing stm32f1xx_hal_tim.o(i.HAL_TIM_DMABurstState), (8 bytes).
    Removing stm32f1xx_hal_tim.o(i.HAL_TIM_DMABurst_MultiReadStart), (476 bytes).
    Removing stm32f1xx_hal_tim.o(i.HAL_TIM_DMABurst_MultiWriteStart), (476 bytes).
    Removing stm32f1xx_hal_tim.o(i.HAL_TIM_DMABurst_ReadStart), (42 bytes).
    Removing stm32f1xx_hal_tim.o(i.HAL_TIM_DMABurst_ReadStop), (140 bytes).
    Removing stm32f1xx_hal_tim.o(i.HAL_TIM_DMABurst_WriteStart), (42 bytes).
    Removing stm32f1xx_hal_tim.o(i.HAL_TIM_DMABurst_WriteStop), (140 bytes).
    Removing stm32f1xx_hal_tim.o(i.HAL_TIM_Encoder_DeInit), (96 bytes).
    Removing stm32f1xx_hal_tim.o(i.HAL_TIM_Encoder_GetState), (8 bytes).
    Removing stm32f1xx_hal_tim.o(i.HAL_TIM_Encoder_Init), (196 bytes).
    Removing stm32f1xx_hal_tim.o(i.HAL_TIM_Encoder_MspDeInit), (2 bytes).
    Removing stm32f1xx_hal_tim.o(i.HAL_TIM_Encoder_MspInit), (2 bytes).
    Removing stm32f1xx_hal_tim.o(i.HAL_TIM_Encoder_Start), (204 bytes).
    Removing stm32f1xx_hal_tim.o(i.HAL_TIM_Encoder_Start_DMA), (556 bytes).
    Removing stm32f1xx_hal_tim.o(i.HAL_TIM_Encoder_Start_IT), (252 bytes).
    Removing stm32f1xx_hal_tim.o(i.HAL_TIM_Encoder_Stop), (214 bytes).
    Removing stm32f1xx_hal_tim.o(i.HAL_TIM_Encoder_Stop_DMA), (280 bytes).
    Removing stm32f1xx_hal_tim.o(i.HAL_TIM_Encoder_Stop_IT), (256 bytes).
    Removing stm32f1xx_hal_tim.o(i.HAL_TIM_ErrorCallback), (2 bytes).
    Removing stm32f1xx_hal_tim.o(i.HAL_TIM_GenerateEvent), (54 bytes).
    Removing stm32f1xx_hal_tim.o(i.HAL_TIM_GetActiveChannel), (6 bytes).
    Removing stm32f1xx_hal_tim.o(i.HAL_TIM_GetChannelState), (38 bytes).
    Removing stm32f1xx_hal_tim.o(i.HAL_TIM_IC_CaptureCallback), (2 bytes).
    Removing stm32f1xx_hal_tim.o(i.HAL_TIM_IC_CaptureHalfCpltCallback), (2 bytes).
    Removing stm32f1xx_hal_tim.o(i.HAL_TIM_IC_ConfigChannel), (222 bytes).
    Removing stm32f1xx_hal_tim.o(i.HAL_TIM_IC_DeInit), (120 bytes).
    Removing stm32f1xx_hal_tim.o(i.HAL_TIM_IC_GetState), (8 bytes).
    Removing stm32f1xx_hal_tim.o(i.HAL_TIM_IC_Init), (102 bytes).
    Removing stm32f1xx_hal_tim.o(i.HAL_TIM_IC_MspDeInit), (2 bytes).
    Removing stm32f1xx_hal_tim.o(i.HAL_TIM_IC_MspInit), (2 bytes).
    Removing stm32f1xx_hal_tim.o(i.HAL_TIM_IC_Start), (268 bytes).
    Removing stm32f1xx_hal_tim.o(i.HAL_TIM_IC_Start_DMA), (560 bytes).
    Removing stm32f1xx_hal_tim.o(i.HAL_TIM_IC_Start_IT), (352 bytes).
    Removing stm32f1xx_hal_tim.o(i.HAL_TIM_IC_Stop), (138 bytes).
    Removing stm32f1xx_hal_tim.o(i.HAL_TIM_IC_Stop_DMA), (244 bytes).
    Removing stm32f1xx_hal_tim.o(i.HAL_TIM_IC_Stop_IT), (222 bytes).
    Removing stm32f1xx_hal_tim.o(i.HAL_TIM_IRQHandler), (406 bytes).
    Removing stm32f1xx_hal_tim.o(i.HAL_TIM_OC_ConfigChannel), (112 bytes).
    Removing stm32f1xx_hal_tim.o(i.HAL_TIM_OC_DeInit), (120 bytes).
    Removing stm32f1xx_hal_tim.o(i.HAL_TIM_OC_DelayElapsedCallback), (2 bytes).
    Removing stm32f1xx_hal_tim.o(i.HAL_TIM_OC_GetState), (8 bytes).
    Removing stm32f1xx_hal_tim.o(i.HAL_TIM_OC_Init), (102 bytes).
    Removing stm32f1xx_hal_tim.o(i.HAL_TIM_OC_MspDeInit), (2 bytes).
    Removing stm32f1xx_hal_tim.o(i.HAL_TIM_OC_MspInit), (2 bytes).
    Removing stm32f1xx_hal_tim.o(i.HAL_TIM_OC_Start), (212 bytes).
    Removing stm32f1xx_hal_tim.o(i.HAL_TIM_OC_Start_DMA), (532 bytes).
    Removing stm32f1xx_hal_tim.o(i.HAL_TIM_OC_Start_IT), (292 bytes).
    Removing stm32f1xx_hal_tim.o(i.HAL_TIM_OC_Stop), (156 bytes).
    Removing stm32f1xx_hal_tim.o(i.HAL_TIM_OC_Stop_DMA), (264 bytes).
    Removing stm32f1xx_hal_tim.o(i.HAL_TIM_OC_Stop_IT), (240 bytes).
    Removing stm32f1xx_hal_tim.o(i.HAL_TIM_OnePulse_ConfigChannel), (310 bytes).
    Removing stm32f1xx_hal_tim.o(i.HAL_TIM_OnePulse_DeInit), (96 bytes).
    Removing stm32f1xx_hal_tim.o(i.HAL_TIM_OnePulse_GetState), (8 bytes).
    Removing stm32f1xx_hal_tim.o(i.HAL_TIM_OnePulse_Init), (102 bytes).
    Removing stm32f1xx_hal_tim.o(i.HAL_TIM_OnePulse_MspDeInit), (2 bytes).
    Removing stm32f1xx_hal_tim.o(i.HAL_TIM_OnePulse_MspInit), (2 bytes).
    Removing stm32f1xx_hal_tim.o(i.HAL_TIM_OnePulse_Start), (128 bytes).
    Removing stm32f1xx_hal_tim.o(i.HAL_TIM_OnePulse_Start_IT), (152 bytes).
    Removing stm32f1xx_hal_tim.o(i.HAL_TIM_OnePulse_Stop), (148 bytes).
    Removing stm32f1xx_hal_tim.o(i.HAL_TIM_OnePulse_Stop_IT), (172 bytes).
    Removing stm32f1xx_hal_tim.o(i.HAL_TIM_PWM_ConfigChannel), (260 bytes).
    Removing stm32f1xx_hal_tim.o(i.HAL_TIM_PWM_DeInit), (120 bytes).
    Removing stm32f1xx_hal_tim.o(i.HAL_TIM_PWM_GetState), (8 bytes).
    Removing stm32f1xx_hal_tim.o(i.HAL_TIM_PWM_Init), (102 bytes).
    Removing stm32f1xx_hal_tim.o(i.HAL_TIM_PWM_MspDeInit), (2 bytes).
    Removing stm32f1xx_hal_tim.o(i.HAL_TIM_PWM_MspInit), (2 bytes).
    Removing stm32f1xx_hal_tim.o(i.HAL_TIM_PWM_PulseFinishedCallback), (2 bytes).
    Removing stm32f1xx_hal_tim.o(i.HAL_TIM_PWM_PulseFinishedHalfCpltCallback), (2 bytes).
    Removing stm32f1xx_hal_tim.o(i.HAL_TIM_PWM_Start), (212 bytes).
    Removing stm32f1xx_hal_tim.o(i.HAL_TIM_PWM_Start_DMA), (532 bytes).
    Removing stm32f1xx_hal_tim.o(i.HAL_TIM_PWM_Start_IT), (292 bytes).
    Removing stm32f1xx_hal_tim.o(i.HAL_TIM_PWM_Stop), (156 bytes).
    Removing stm32f1xx_hal_tim.o(i.HAL_TIM_PWM_Stop_DMA), (264 bytes).
    Removing stm32f1xx_hal_tim.o(i.HAL_TIM_PWM_Stop_IT), (240 bytes).
    Removing stm32f1xx_hal_tim.o(i.HAL_TIM_PeriodElapsedCallback), (2 bytes).
    Removing stm32f1xx_hal_tim.o(i.HAL_TIM_PeriodElapsedHalfCpltCallback), (2 bytes).
    Removing stm32f1xx_hal_tim.o(i.HAL_TIM_ReadCapturedValue), (50 bytes).
    Removing stm32f1xx_hal_tim.o(i.HAL_TIM_SlaveConfigSynchro), (108 bytes).
    Removing stm32f1xx_hal_tim.o(i.HAL_TIM_SlaveConfigSynchro_IT), (108 bytes).
    Removing stm32f1xx_hal_tim.o(i.HAL_TIM_TriggerCallback), (2 bytes).
    Removing stm32f1xx_hal_tim.o(i.HAL_TIM_TriggerHalfCpltCallback), (2 bytes).
    Removing stm32f1xx_hal_tim.o(i.TIM_CCxChannelCmd), (34 bytes).
    Removing stm32f1xx_hal_tim.o(i.TIM_DMACaptureCplt), (122 bytes).
    Removing stm32f1xx_hal_tim.o(i.TIM_DMACaptureHalfCplt), (64 bytes).
    Removing stm32f1xx_hal_tim.o(i.TIM_DMADelayPulseCplt), (104 bytes).
    Removing stm32f1xx_hal_tim.o(i.TIM_DMADelayPulseHalfCplt), (64 bytes).
    Removing stm32f1xx_hal_tim.o(i.TIM_DMAError), (94 bytes).
    Removing stm32f1xx_hal_tim.o(i.TIM_DMAPeriodElapsedCplt), (26 bytes).
    Removing stm32f1xx_hal_tim.o(i.TIM_DMAPeriodElapsedHalfCplt), (14 bytes).
    Removing stm32f1xx_hal_tim.o(i.TIM_DMATriggerCplt), (26 bytes).
    Removing stm32f1xx_hal_tim.o(i.TIM_DMATriggerHalfCplt), (14 bytes).
    Removing stm32f1xx_hal_tim.o(i.TIM_OC1_SetConfig), (96 bytes).
    Removing stm32f1xx_hal_tim.o(i.TIM_OC2_SetConfig), (104 bytes).
    Removing stm32f1xx_hal_tim.o(i.TIM_OC3_SetConfig), (104 bytes).
    Removing stm32f1xx_hal_tim.o(i.TIM_OC4_SetConfig), (72 bytes).
    Removing stm32f1xx_hal_tim.o(i.TIM_SlaveTimer_SetConfig), (176 bytes).
    Removing stm32f1xx_hal_tim.o(i.TIM_TI1_SetConfig), (104 bytes).
    Removing stm32f1xx_hal_tim.o(i.TIM_TI2_SetConfig), (58 bytes).
    Removing stm32f1xx_hal_tim.o(i.TIM_TI3_SetConfig), (56 bytes).
    Removing stm32f1xx_hal_tim.o(i.TIM_TI4_SetConfig), (60 bytes).
    Removing stm32f1xx_hal_tim_ex.o(.rev16_text), (4 bytes).
    Removing stm32f1xx_hal_tim_ex.o(.revsh_text), (4 bytes).
    Removing stm32f1xx_hal_tim_ex.o(.rrx_text), (6 bytes).
    Removing stm32f1xx_hal_tim_ex.o(i.HAL_TIMEx_BreakCallback), (2 bytes).
    Removing stm32f1xx_hal_tim_ex.o(i.HAL_TIMEx_CommutCallback), (2 bytes).
    Removing stm32f1xx_hal_tim_ex.o(i.HAL_TIMEx_CommutHalfCpltCallback), (2 bytes).
    Removing stm32f1xx_hal_tim_ex.o(i.HAL_TIMEx_ConfigBreakDeadTime), (110 bytes).
    Removing stm32f1xx_hal_tim_ex.o(i.HAL_TIMEx_ConfigCommutEvent), (134 bytes).
    Removing stm32f1xx_hal_tim_ex.o(i.HAL_TIMEx_ConfigCommutEvent_DMA), (164 bytes).
    Removing stm32f1xx_hal_tim_ex.o(i.HAL_TIMEx_ConfigCommutEvent_IT), (134 bytes).
    Removing stm32f1xx_hal_tim_ex.o(i.HAL_TIMEx_GetChannelNState), (38 bytes).
    Removing stm32f1xx_hal_tim_ex.o(i.HAL_TIMEx_HallSensor_DeInit), (96 bytes).
    Removing stm32f1xx_hal_tim_ex.o(i.HAL_TIMEx_HallSensor_GetState), (8 bytes).
    Removing stm32f1xx_hal_tim_ex.o(i.HAL_TIMEx_HallSensor_Init), (234 bytes).
    Removing stm32f1xx_hal_tim_ex.o(i.HAL_TIMEx_HallSensor_MspDeInit), (2 bytes).
    Removing stm32f1xx_hal_tim_ex.o(i.HAL_TIMEx_HallSensor_MspInit), (2 bytes).
    Removing stm32f1xx_hal_tim_ex.o(i.HAL_TIMEx_HallSensor_Start), (168 bytes).
    Removing stm32f1xx_hal_tim_ex.o(i.HAL_TIMEx_HallSensor_Start_DMA), (232 bytes).
    Removing stm32f1xx_hal_tim_ex.o(i.HAL_TIMEx_HallSensor_Start_IT), (180 bytes).
    Removing stm32f1xx_hal_tim_ex.o(i.HAL_TIMEx_HallSensor_Stop), (78 bytes).
    Removing stm32f1xx_hal_tim_ex.o(i.HAL_TIMEx_HallSensor_Stop_DMA), (84 bytes).
    Removing stm32f1xx_hal_tim_ex.o(i.HAL_TIMEx_HallSensor_Stop_IT), (90 bytes).
    Removing stm32f1xx_hal_tim_ex.o(i.HAL_TIMEx_OCN_Start), (196 bytes).
    Removing stm32f1xx_hal_tim_ex.o(i.HAL_TIMEx_OCN_Start_DMA), (456 bytes).
    Removing stm32f1xx_hal_tim_ex.o(i.HAL_TIMEx_OCN_Start_IT), (276 bytes).
    Removing stm32f1xx_hal_tim_ex.o(i.HAL_TIMEx_OCN_Stop), (136 bytes).
    Removing stm32f1xx_hal_tim_ex.o(i.HAL_TIMEx_OCN_Stop_DMA), (220 bytes).
    Removing stm32f1xx_hal_tim_ex.o(i.HAL_TIMEx_OCN_Stop_IT), (230 bytes).
    Removing stm32f1xx_hal_tim_ex.o(i.HAL_TIMEx_OnePulseN_Start), (118 bytes).
    Removing stm32f1xx_hal_tim_ex.o(i.HAL_TIMEx_OnePulseN_Start_IT), (142 bytes).
    Removing stm32f1xx_hal_tim_ex.o(i.HAL_TIMEx_OnePulseN_Stop), (138 bytes).
    Removing stm32f1xx_hal_tim_ex.o(i.HAL_TIMEx_OnePulseN_Stop_IT), (162 bytes).
    Removing stm32f1xx_hal_tim_ex.o(i.HAL_TIMEx_PWMN_Start), (196 bytes).
    Removing stm32f1xx_hal_tim_ex.o(i.HAL_TIMEx_PWMN_Start_DMA), (456 bytes).
    Removing stm32f1xx_hal_tim_ex.o(i.HAL_TIMEx_PWMN_Start_IT), (276 bytes).
    Removing stm32f1xx_hal_tim_ex.o(i.HAL_TIMEx_PWMN_Stop), (136 bytes).
    Removing stm32f1xx_hal_tim_ex.o(i.HAL_TIMEx_PWMN_Stop_DMA), (220 bytes).
    Removing stm32f1xx_hal_tim_ex.o(i.HAL_TIMEx_PWMN_Stop_IT), (230 bytes).
    Removing stm32f1xx_hal_tim_ex.o(i.HAL_TIMEx_RemapConfig), (6 bytes).
    Removing stm32f1xx_hal_tim_ex.o(i.TIMEx_DMACommutationCplt), (20 bytes).
    Removing stm32f1xx_hal_tim_ex.o(i.TIMEx_DMACommutationHalfCplt), (20 bytes).
    Removing stm32f1xx_hal_tim_ex.o(i.TIM_CCxNChannelCmd), (34 bytes).
    Removing stm32f1xx_hal_tim_ex.o(i.TIM_DMADelayPulseNCplt), (104 bytes).
    Removing stm32f1xx_hal_tim_ex.o(i.TIM_DMAErrorCCxN), (68 bytes).
    Removing stm32f1xx_hal_uart.o(.rev16_text), (4 bytes).
    Removing stm32f1xx_hal_uart.o(.revsh_text), (4 bytes).
    Removing stm32f1xx_hal_uart.o(.rrx_text), (6 bytes).
    Removing stm32f1xx_hal_uart.o(i.HAL_HalfDuplex_EnableReceiver), (68 bytes).
    Removing stm32f1xx_hal_uart.o(i.HAL_HalfDuplex_EnableTransmitter), (68 bytes).
    Removing stm32f1xx_hal_uart.o(i.HAL_HalfDuplex_Init), (122 bytes).
    Removing stm32f1xx_hal_uart.o(i.HAL_LIN_Init), (146 bytes).
    Removing stm32f1xx_hal_uart.o(i.HAL_LIN_SendBreak), (80 bytes).
    Removing stm32f1xx_hal_uart.o(i.HAL_MultiProcessor_EnterMuteMode), (82 bytes).
    Removing stm32f1xx_hal_uart.o(i.HAL_MultiProcessor_ExitMuteMode), (82 bytes).
    Removing stm32f1xx_hal_uart.o(i.HAL_MultiProcessor_Init), (158 bytes).
    Removing stm32f1xx_hal_uart.o(i.HAL_UARTEx_GetRxEventType), (6 bytes).
    Removing stm32f1xx_hal_uart.o(i.HAL_UARTEx_ReceiveToIdle), (296 bytes).
    Removing stm32f1xx_hal_uart.o(i.HAL_UARTEx_ReceiveToIdle_DMA), (114 bytes).
    Removing stm32f1xx_hal_uart.o(i.HAL_UARTEx_RxEventCallback), (2 bytes).
    Removing stm32f1xx_hal_uart.o(i.HAL_UART_Abort), (278 bytes).
    Removing stm32f1xx_hal_uart.o(i.HAL_UART_AbortCpltCallback), (2 bytes).
    Removing stm32f1xx_hal_uart.o(i.HAL_UART_AbortReceive), (194 bytes).
    Removing stm32f1xx_hal_uart.o(i.HAL_UART_AbortReceiveCpltCallback), (2 bytes).
    Removing stm32f1xx_hal_uart.o(i.HAL_UART_AbortReceive_IT), (216 bytes).
    Removing stm32f1xx_hal_uart.o(i.HAL_UART_AbortTransmit), (124 bytes).
    Removing stm32f1xx_hal_uart.o(i.HAL_UART_AbortTransmitCpltCallback), (2 bytes).
    Removing stm32f1xx_hal_uart.o(i.HAL_UART_AbortTransmit_IT), (144 bytes).
    Removing stm32f1xx_hal_uart.o(i.HAL_UART_Abort_IT), (328 bytes).
    Removing stm32f1xx_hal_uart.o(i.HAL_UART_DMAPause), (166 bytes).
    Removing stm32f1xx_hal_uart.o(i.HAL_UART_DMAResume), (170 bytes).
    Removing stm32f1xx_hal_uart.o(i.HAL_UART_DMAStop), (138 bytes).
    Removing stm32f1xx_hal_uart.o(i.HAL_UART_DeInit), (62 bytes).
    Removing stm32f1xx_hal_uart.o(i.HAL_UART_GetError), (6 bytes).
    Removing stm32f1xx_hal_uart.o(i.HAL_UART_GetState), (20 bytes).
    Removing stm32f1xx_hal_uart.o(i.HAL_UART_MspDeInit), (2 bytes).
    Removing stm32f1xx_hal_uart.o(i.HAL_UART_MspInit), (2 bytes).
    Removing stm32f1xx_hal_uart.o(i.HAL_UART_Receive), (188 bytes).
    Removing stm32f1xx_hal_uart.o(i.HAL_UART_Receive_DMA), (44 bytes).
    Removing stm32f1xx_hal_uart.o(i.HAL_UART_Receive_IT), (44 bytes).
    Removing stm32f1xx_hal_uart.o(i.HAL_UART_RxCpltCallback), (2 bytes).
    Removing stm32f1xx_hal_uart.o(i.HAL_UART_RxHalfCpltCallback), (2 bytes).
    Removing stm32f1xx_hal_uart.o(i.HAL_UART_Transmit_DMA), (140 bytes).
    Removing stm32f1xx_hal_uart.o(i.HAL_UART_Transmit_IT), (56 bytes).
    Removing stm32f1xx_hal_uart.o(i.HAL_UART_TxHalfCpltCallback), (2 bytes).
    Removing stm32f1xx_hal_uart.o(i.UART_DMAError), (80 bytes).
    Removing stm32f1xx_hal_uart.o(i.UART_DMAReceiveCplt), (180 bytes).
    Removing stm32f1xx_hal_uart.o(i.UART_DMARxAbortCallback), (56 bytes).
    Removing stm32f1xx_hal_uart.o(i.UART_DMARxHalfCplt), (36 bytes).
    Removing stm32f1xx_hal_uart.o(i.UART_DMARxOnlyAbortCallback), (28 bytes).
    Removing stm32f1xx_hal_uart.o(i.UART_DMATransmitCplt), (88 bytes).
    Removing stm32f1xx_hal_uart.o(i.UART_DMATxAbortCallback), (56 bytes).
    Removing stm32f1xx_hal_uart.o(i.UART_DMATxHalfCplt), (14 bytes).
    Removing stm32f1xx_hal_uart.o(i.UART_DMATxOnlyAbortCallback), (24 bytes).
    Removing stm32f1xx_hal_uart.o(i.UART_EndTxTransfer), (38 bytes).
    Removing stm32f1xx_hal_uart.o(i.UART_Start_Receive_DMA), (200 bytes).
    Removing system_stm32f1xx.o(.rev16_text), (4 bytes).
    Removing system_stm32f1xx.o(.revsh_text), (4 bytes).
    Removing system_stm32f1xx.o(.rrx_text), (6 bytes).
    Removing system_stm32f1xx.o(i.SystemCoreClockUpdate), (164 bytes).

502 unused section(s) (total 55466 bytes) removed from the image.

==============================================================================

Image Symbol Table

    Local Symbols

    Symbol Name                              Value     Ov Type        Size  Object(Section)

    ../Core/Src/gpio.c                       0x00000000   Number         0  gpio.o ABSOLUTE
    ../Core/Src/i2c.c                        0x00000000   Number         0  i2c.o ABSOLUTE
    ../Core/Src/main.c                       0x00000000   Number         0  main.o ABSOLUTE
    ../Core/Src/stm32f1xx_hal_msp.c          0x00000000   Number         0  stm32f1xx_hal_msp.o ABSOLUTE
    ../Core/Src/stm32f1xx_it.c               0x00000000   Number         0  stm32f1xx_it.o ABSOLUTE
    ../Core/Src/system_stm32f1xx.c           0x00000000   Number         0  system_stm32f1xx.o ABSOLUTE
    ../Core/Src/tim.c                        0x00000000   Number         0  tim.o ABSOLUTE
    ../Core/Src/usart.c                      0x00000000   Number         0  usart.o ABSOLUTE
    ../Drivers/STM32F1xx_HAL_Driver/Src/stm32f1xx_hal.c 0x00000000   Number         0  stm32f1xx_hal.o ABSOLUTE
    ../Drivers/STM32F1xx_HAL_Driver/Src/stm32f1xx_hal_cortex.c 0x00000000   Number         0  stm32f1xx_hal_cortex.o ABSOLUTE
    ../Drivers/STM32F1xx_HAL_Driver/Src/stm32f1xx_hal_dma.c 0x00000000   Number         0  stm32f1xx_hal_dma.o ABSOLUTE
    ../Drivers/STM32F1xx_HAL_Driver/Src/stm32f1xx_hal_exti.c 0x00000000   Number         0  stm32f1xx_hal_exti.o ABSOLUTE
    ../Drivers/STM32F1xx_HAL_Driver/Src/stm32f1xx_hal_flash.c 0x00000000   Number         0  stm32f1xx_hal_flash.o ABSOLUTE
    ../Drivers/STM32F1xx_HAL_Driver/Src/stm32f1xx_hal_flash_ex.c 0x00000000   Number         0  stm32f1xx_hal_flash_ex.o ABSOLUTE
    ../Drivers/STM32F1xx_HAL_Driver/Src/stm32f1xx_hal_gpio.c 0x00000000   Number         0  stm32f1xx_hal_gpio.o ABSOLUTE
    ../Drivers/STM32F1xx_HAL_Driver/Src/stm32f1xx_hal_gpio_ex.c 0x00000000   Number         0  stm32f1xx_hal_gpio_ex.o ABSOLUTE
    ../Drivers/STM32F1xx_HAL_Driver/Src/stm32f1xx_hal_i2c.c 0x00000000   Number         0  stm32f1xx_hal_i2c.o ABSOLUTE
    ../Drivers/STM32F1xx_HAL_Driver/Src/stm32f1xx_hal_pwr.c 0x00000000   Number         0  stm32f1xx_hal_pwr.o ABSOLUTE
    ../Drivers/STM32F1xx_HAL_Driver/Src/stm32f1xx_hal_rcc.c 0x00000000   Number         0  stm32f1xx_hal_rcc.o ABSOLUTE
    ../Drivers/STM32F1xx_HAL_Driver/Src/stm32f1xx_hal_rcc_ex.c 0x00000000   Number         0  stm32f1xx_hal_rcc_ex.o ABSOLUTE
    ../Drivers/STM32F1xx_HAL_Driver/Src/stm32f1xx_hal_tim.c 0x00000000   Number         0  stm32f1xx_hal_tim.o ABSOLUTE
    ../Drivers/STM32F1xx_HAL_Driver/Src/stm32f1xx_hal_tim_ex.c 0x00000000   Number         0  stm32f1xx_hal_tim_ex.o ABSOLUTE
    ../Drivers/STM32F1xx_HAL_Driver/Src/stm32f1xx_hal_uart.c 0x00000000   Number         0  stm32f1xx_hal_uart.o ABSOLUTE
    ../clib/microlib/init/entry.s            0x00000000   Number         0  entry7a.o ABSOLUTE
    ../clib/microlib/init/entry.s            0x00000000   Number         0  entry8b.o ABSOLUTE
    ../clib/microlib/init/entry.s            0x00000000   Number         0  entry9a.o ABSOLUTE
    ../clib/microlib/init/entry.s            0x00000000   Number         0  entry9b.o ABSOLUTE
    ../clib/microlib/init/entry.s            0x00000000   Number         0  entry10a.o ABSOLUTE
    ../clib/microlib/init/entry.s            0x00000000   Number         0  entry5.o ABSOLUTE
    ../clib/microlib/init/entry.s            0x00000000   Number         0  entry10b.o ABSOLUTE
    ../clib/microlib/init/entry.s            0x00000000   Number         0  entry11a.o ABSOLUTE
    ../clib/microlib/init/entry.s            0x00000000   Number         0  entry11b.o ABSOLUTE
    ../clib/microlib/init/entry.s            0x00000000   Number         0  entry.o ABSOLUTE
    ../clib/microlib/init/entry.s            0x00000000   Number         0  entry8a.o ABSOLUTE
    ../clib/microlib/init/entry.s            0x00000000   Number         0  entry2.o ABSOLUTE
    ../clib/microlib/init/entry.s            0x00000000   Number         0  entry7b.o ABSOLUTE
    ../clib/microlib/longlong.c              0x00000000   Number         0  llushr.o ABSOLUTE
    ../clib/microlib/string/memset.c         0x00000000   Number         0  memseta.o ABSOLUTE
    ..\Core\Src\gpio.c                       0x00000000   Number         0  gpio.o ABSOLUTE
    ..\Core\Src\i2c.c                        0x00000000   Number         0  i2c.o ABSOLUTE
    ..\Core\Src\main.c                       0x00000000   Number         0  main.o ABSOLUTE
    ..\Core\Src\stm32f1xx_hal_msp.c          0x00000000   Number         0  stm32f1xx_hal_msp.o ABSOLUTE
    ..\Core\Src\stm32f1xx_it.c               0x00000000   Number         0  stm32f1xx_it.o ABSOLUTE
    ..\Core\Src\system_stm32f1xx.c           0x00000000   Number         0  system_stm32f1xx.o ABSOLUTE
    ..\Core\Src\tim.c                        0x00000000   Number         0  tim.o ABSOLUTE
    ..\Core\Src\usart.c                      0x00000000   Number         0  usart.o ABSOLUTE
    ..\Drivers\STM32F1xx_HAL_Driver\Src\stm32f1xx_hal.c 0x00000000   Number         0  stm32f1xx_hal.o ABSOLUTE
    ..\Drivers\STM32F1xx_HAL_Driver\Src\stm32f1xx_hal_cortex.c 0x00000000   Number         0  stm32f1xx_hal_cortex.o ABSOLUTE
    ..\Drivers\STM32F1xx_HAL_Driver\Src\stm32f1xx_hal_dma.c 0x00000000   Number         0  stm32f1xx_hal_dma.o ABSOLUTE
    ..\Drivers\STM32F1xx_HAL_Driver\Src\stm32f1xx_hal_exti.c 0x00000000   Number         0  stm32f1xx_hal_exti.o ABSOLUTE
    ..\Drivers\STM32F1xx_HAL_Driver\Src\stm32f1xx_hal_flash.c 0x00000000   Number         0  stm32f1xx_hal_flash.o ABSOLUTE
    ..\Drivers\STM32F1xx_HAL_Driver\Src\stm32f1xx_hal_flash_ex.c 0x00000000   Number         0  stm32f1xx_hal_flash_ex.o ABSOLUTE
    ..\Drivers\STM32F1xx_HAL_Driver\Src\stm32f1xx_hal_gpio.c 0x00000000   Number         0  stm32f1xx_hal_gpio.o ABSOLUTE
    ..\Drivers\STM32F1xx_HAL_Driver\Src\stm32f1xx_hal_gpio_ex.c 0x00000000   Number         0  stm32f1xx_hal_gpio_ex.o ABSOLUTE
    ..\Drivers\STM32F1xx_HAL_Driver\Src\stm32f1xx_hal_i2c.c 0x00000000   Number         0  stm32f1xx_hal_i2c.o ABSOLUTE
    ..\Drivers\STM32F1xx_HAL_Driver\Src\stm32f1xx_hal_pwr.c 0x00000000   Number         0  stm32f1xx_hal_pwr.o ABSOLUTE
    ..\Drivers\STM32F1xx_HAL_Driver\Src\stm32f1xx_hal_rcc.c 0x00000000   Number         0  stm32f1xx_hal_rcc.o ABSOLUTE
    ..\Drivers\STM32F1xx_HAL_Driver\Src\stm32f1xx_hal_rcc_ex.c 0x00000000   Number         0  stm32f1xx_hal_rcc_ex.o ABSOLUTE
    ..\Drivers\STM32F1xx_HAL_Driver\Src\stm32f1xx_hal_tim.c 0x00000000   Number         0  stm32f1xx_hal_tim.o ABSOLUTE
    ..\Drivers\STM32F1xx_HAL_Driver\Src\stm32f1xx_hal_tim_ex.c 0x00000000   Number         0  stm32f1xx_hal_tim_ex.o ABSOLUTE
    ..\Drivers\STM32F1xx_HAL_Driver\Src\stm32f1xx_hal_uart.c 0x00000000   Number         0  stm32f1xx_hal_uart.o ABSOLUTE
    ..\User\dht11.c                          0x00000000   Number         0  dht11.o ABSOLUTE
    ..\User\myuart.c                         0x00000000   Number         0  myuart.o ABSOLUTE
    ..\User\oled.c                           0x00000000   Number         0  oled.o ABSOLUTE
    ..\\User\\dht11.c                        0x00000000   Number         0  dht11.o ABSOLUTE
    ..\\User\\myuart.c                       0x00000000   Number         0  myuart.o ABSOLUTE
    ..\\User\\oled.c                         0x00000000   Number         0  oled.o ABSOLUTE
    dc.s                                     0x00000000   Number         0  dc.o ABSOLUTE
    handlers.s                               0x00000000   Number         0  handlers.o ABSOLUTE
    init.s                                   0x00000000   Number         0  init.o ABSOLUTE
    startup_stm32f103xb.s                    0x00000000   Number         0  startup_stm32f103xb.o ABSOLUTE
    RESET                                    0x08000000   Section      236  startup_stm32f103xb.o(RESET)
    .ARM.Collect$$$$00000000                 0x080000ec   Section        0  entry.o(.ARM.Collect$$$$00000000)
    .ARM.Collect$$$$00000001                 0x080000ec   Section        4  entry2.o(.ARM.Collect$$$$00000001)
    .ARM.Collect$$$$00000004                 0x080000f0   Section        4  entry5.o(.ARM.Collect$$$$00000004)
    .ARM.Collect$$$$00000008                 0x080000f4   Section        0  entry7b.o(.ARM.Collect$$$$00000008)
    .ARM.Collect$$$$0000000A                 0x080000f4   Section        0  entry8b.o(.ARM.Collect$$$$0000000A)
    .ARM.Collect$$$$0000000B                 0x080000f4   Section        8  entry9a.o(.ARM.Collect$$$$0000000B)
    .ARM.Collect$$$$0000000D                 0x080000fc   Section        0  entry10a.o(.ARM.Collect$$$$0000000D)
    .ARM.Collect$$$$0000000F                 0x080000fc   Section        0  entry11a.o(.ARM.Collect$$$$0000000F)
    .ARM.Collect$$$$00002712                 0x080000fc   Section        4  entry2.o(.ARM.Collect$$$$00002712)
    __lit__00000000                          0x080000fc   Data           4  entry2.o(.ARM.Collect$$$$00002712)
    .text                                    0x08000100   Section       36  startup_stm32f103xb.o(.text)
    .text                                    0x08000124   Section        0  memseta.o(.text)
    .text                                    0x08000148   Section       36  init.o(.text)
    i.BusFault_Handler                       0x0800016c   Section        0  stm32f1xx_it.o(i.BusFault_Handler)
    i.DebugMon_Handler                       0x08000170   Section        0  stm32f1xx_it.o(i.DebugMon_Handler)
    i.Error_Handler                          0x08000172   Section        0  main.o(i.Error_Handler)
    i.HAL_DMA_Abort                          0x08000178   Section        0  stm32f1xx_hal_dma.o(i.HAL_DMA_Abort)
    i.HAL_DMA_Abort_IT                       0x080001d0   Section        0  stm32f1xx_hal_dma.o(i.HAL_DMA_Abort_IT)
    i.HAL_Delay                              0x08000280   Section        0  stm32f1xx_hal.o(i.HAL_Delay)
    i.HAL_GPIO_Init                          0x080002a8   Section        0  stm32f1xx_hal_gpio.o(i.HAL_GPIO_Init)
    i.HAL_GPIO_TogglePin                     0x080005c4   Section        0  stm32f1xx_hal_gpio.o(i.HAL_GPIO_TogglePin)
    i.HAL_GPIO_WritePin                      0x080005d8   Section        0  stm32f1xx_hal_gpio.o(i.HAL_GPIO_WritePin)
    i.HAL_GetTick                            0x080005e4   Section        0  stm32f1xx_hal.o(i.HAL_GetTick)
    i.HAL_I2C_Init                           0x080005f0   Section        0  stm32f1xx_hal_i2c.o(i.HAL_I2C_Init)
    i.HAL_I2C_MspInit                        0x080007c0   Section        0  i2c.o(i.HAL_I2C_MspInit)
    i.HAL_IncTick                            0x08000834   Section        0  stm32f1xx_hal.o(i.HAL_IncTick)
    i.HAL_Init                               0x0800084c   Section        0  stm32f1xx_hal.o(i.HAL_Init)
    i.HAL_InitTick                           0x08000874   Section        0  stm32f1xx_hal.o(i.HAL_InitTick)
    i.HAL_MspInit                            0x080008c0   Section        0  stm32f1xx_hal_msp.o(i.HAL_MspInit)
    i.HAL_NVIC_EnableIRQ                     0x08000914   Section        0  stm32f1xx_hal_cortex.o(i.HAL_NVIC_EnableIRQ)
    i.HAL_NVIC_SetPriority                   0x08000938   Section        0  stm32f1xx_hal_cortex.o(i.HAL_NVIC_SetPriority)
    i.HAL_NVIC_SetPriorityGrouping           0x080009b4   Section        0  stm32f1xx_hal_cortex.o(i.HAL_NVIC_SetPriorityGrouping)
    i.HAL_RCC_ClockConfig                    0x080009dc   Section        0  stm32f1xx_hal_rcc.o(i.HAL_RCC_ClockConfig)
    i.HAL_RCC_GetHCLKFreq                    0x08000b68   Section        0  stm32f1xx_hal_rcc.o(i.HAL_RCC_GetHCLKFreq)
    i.HAL_RCC_GetPCLK1Freq                   0x08000b74   Section        0  stm32f1xx_hal_rcc.o(i.HAL_RCC_GetPCLK1Freq)
    i.HAL_RCC_GetPCLK2Freq                   0x08000b94   Section        0  stm32f1xx_hal_rcc.o(i.HAL_RCC_GetPCLK2Freq)
    i.HAL_RCC_GetSysClockFreq                0x08000bb4   Section        0  stm32f1xx_hal_rcc.o(i.HAL_RCC_GetSysClockFreq)
    i.HAL_RCC_OscConfig                      0x08000c24   Section        0  stm32f1xx_hal_rcc.o(i.HAL_RCC_OscConfig)
    i.HAL_SYSTICK_Config                     0x08001064   Section        0  stm32f1xx_hal_cortex.o(i.HAL_SYSTICK_Config)
    i.HAL_TIMEx_MasterConfigSynchronization  0x08001098   Section        0  stm32f1xx_hal_tim_ex.o(i.HAL_TIMEx_MasterConfigSynchronization)
    i.HAL_TIM_Base_Init                      0x0800111c   Section        0  stm32f1xx_hal_tim.o(i.HAL_TIM_Base_Init)
    i.HAL_TIM_Base_MspInit                   0x08001184   Section        0  tim.o(i.HAL_TIM_Base_MspInit)
    i.HAL_TIM_ConfigClockSource              0x080011b4   Section        0  stm32f1xx_hal_tim.o(i.HAL_TIM_ConfigClockSource)
    i.HAL_UARTEx_ReceiveToIdle_IT            0x080012c0   Section        0  stm32f1xx_hal_uart.o(i.HAL_UARTEx_ReceiveToIdle_IT)
    i.HAL_UARTEx_RxEventCallback             0x08001334   Section        0  myuart.o(i.HAL_UARTEx_RxEventCallback)
    i.HAL_UART_ErrorCallback                 0x0800135c   Section        0  stm32f1xx_hal_uart.o(i.HAL_UART_ErrorCallback)
    i.HAL_UART_IRQHandler                    0x08001360   Section        0  stm32f1xx_hal_uart.o(i.HAL_UART_IRQHandler)
    i.HAL_UART_Init                          0x0800163c   Section        0  stm32f1xx_hal_uart.o(i.HAL_UART_Init)
    i.HAL_UART_MspInit                       0x080016b4   Section        0  usart.o(i.HAL_UART_MspInit)
    i.HAL_UART_RxCpltCallback                0x0800174c   Section        0  myuart.o(i.HAL_UART_RxCpltCallback)
    i.HAL_UART_Transmit                      0x0800174e   Section        0  stm32f1xx_hal_uart.o(i.HAL_UART_Transmit)
    i.HAL_UART_TxCpltCallback                0x08001800   Section        0  stm32f1xx_hal_uart.o(i.HAL_UART_TxCpltCallback)
    i.HardFault_Handler                      0x08001802   Section        0  stm32f1xx_it.o(i.HardFault_Handler)
    i.MX_GPIO_Init                           0x08001808   Section        0  gpio.o(i.MX_GPIO_Init)
    i.MX_I2C1_Init                           0x080018d8   Section        0  i2c.o(i.MX_I2C1_Init)
    i.MX_TIM1_Init                           0x08001914   Section        0  tim.o(i.MX_TIM1_Init)
    i.MX_USART1_UART_Init                    0x08001984   Section        0  usart.o(i.MX_USART1_UART_Init)
    i.MemManage_Handler                      0x080019bc   Section        0  stm32f1xx_it.o(i.MemManage_Handler)
    i.NMI_Handler                            0x080019c0   Section        0  stm32f1xx_it.o(i.NMI_Handler)
    i.PendSV_Handler                         0x080019c4   Section        0  stm32f1xx_it.o(i.PendSV_Handler)
    i.RCC_Delay                              0x080019c8   Section        0  stm32f1xx_hal_rcc.o(i.RCC_Delay)
    RCC_Delay                                0x080019c9   Thumb Code    36  stm32f1xx_hal_rcc.o(i.RCC_Delay)
    i.SVC_Handler                            0x080019f0   Section        0  stm32f1xx_it.o(i.SVC_Handler)
    i.SysTick_Handler                        0x080019f2   Section        0  stm32f1xx_it.o(i.SysTick_Handler)
    i.SystemClock_Config                     0x080019fa   Section        0  main.o(i.SystemClock_Config)
    i.SystemInit                             0x08001a60   Section        0  system_stm32f1xx.o(i.SystemInit)
    i.TIM_Base_SetConfig                     0x08001a64   Section        0  stm32f1xx_hal_tim.o(i.TIM_Base_SetConfig)
    i.TIM_ETR_SetConfig                      0x08001ad8   Section        0  stm32f1xx_hal_tim.o(i.TIM_ETR_SetConfig)
    i.TIM_ITRx_SetConfig                     0x08001aee   Section        0  stm32f1xx_hal_tim.o(i.TIM_ITRx_SetConfig)
    TIM_ITRx_SetConfig                       0x08001aef   Thumb Code    18  stm32f1xx_hal_tim.o(i.TIM_ITRx_SetConfig)
    i.TIM_TI1_ConfigInputStage               0x08001b00   Section        0  stm32f1xx_hal_tim.o(i.TIM_TI1_ConfigInputStage)
    TIM_TI1_ConfigInputStage                 0x08001b01   Thumb Code    38  stm32f1xx_hal_tim.o(i.TIM_TI1_ConfigInputStage)
    i.TIM_TI2_ConfigInputStage               0x08001b26   Section        0  stm32f1xx_hal_tim.o(i.TIM_TI2_ConfigInputStage)
    TIM_TI2_ConfigInputStage                 0x08001b27   Thumb Code    40  stm32f1xx_hal_tim.o(i.TIM_TI2_ConfigInputStage)
    i.UART_DMAAbortOnError                   0x08001b4e   Section        0  stm32f1xx_hal_uart.o(i.UART_DMAAbortOnError)
    UART_DMAAbortOnError                     0x08001b4f   Thumb Code    20  stm32f1xx_hal_uart.o(i.UART_DMAAbortOnError)
    i.UART_EndRxTransfer                     0x08001b62   Section        0  stm32f1xx_hal_uart.o(i.UART_EndRxTransfer)
    UART_EndRxTransfer                       0x08001b63   Thumb Code   108  stm32f1xx_hal_uart.o(i.UART_EndRxTransfer)
    i.UART_EndTransmit_IT                    0x08001bce   Section        0  stm32f1xx_hal_uart.o(i.UART_EndTransmit_IT)
    UART_EndTransmit_IT                      0x08001bcf   Thumb Code    32  stm32f1xx_hal_uart.o(i.UART_EndTransmit_IT)
    i.UART_Receive_IT                        0x08001bee   Section        0  stm32f1xx_hal_uart.o(i.UART_Receive_IT)
    UART_Receive_IT                          0x08001bef   Thumb Code   252  stm32f1xx_hal_uart.o(i.UART_Receive_IT)
    i.UART_SetConfig                         0x08001cec   Section        0  stm32f1xx_hal_uart.o(i.UART_SetConfig)
    UART_SetConfig                           0x08001ced   Thumb Code   248  stm32f1xx_hal_uart.o(i.UART_SetConfig)
    i.UART_Start_Receive_IT                  0x08001de8   Section        0  stm32f1xx_hal_uart.o(i.UART_Start_Receive_IT)
    i.UART_Transmit_IT                       0x08001e28   Section        0  stm32f1xx_hal_uart.o(i.UART_Transmit_IT)
    UART_Transmit_IT                         0x08001e29   Thumb Code    98  stm32f1xx_hal_uart.o(i.UART_Transmit_IT)
    i.UART_WaitOnFlagUntilTimeout            0x08001e8a   Section        0  stm32f1xx_hal_uart.o(i.UART_WaitOnFlagUntilTimeout)
    UART_WaitOnFlagUntilTimeout              0x08001e8b   Thumb Code   144  stm32f1xx_hal_uart.o(i.UART_WaitOnFlagUntilTimeout)
    i.USART1_IRQHandler                      0x08001f1c   Section        0  stm32f1xx_it.o(i.USART1_IRQHandler)
    i.UsageFault_Handler                     0x08001f2c   Section        0  stm32f1xx_it.o(i.UsageFault_Handler)
    i.__NVIC_GetPriorityGrouping             0x08001f30   Section        0  stm32f1xx_hal_cortex.o(i.__NVIC_GetPriorityGrouping)
    __NVIC_GetPriorityGrouping               0x08001f31   Thumb Code    10  stm32f1xx_hal_cortex.o(i.__NVIC_GetPriorityGrouping)
    i.__NVIC_SetPriority                     0x08001f40   Section        0  stm32f1xx_hal_cortex.o(i.__NVIC_SetPriority)
    __NVIC_SetPriority                       0x08001f41   Thumb Code    32  stm32f1xx_hal_cortex.o(i.__NVIC_SetPriority)
    i.__scatterload_copy                     0x08001f68   Section       14  handlers.o(i.__scatterload_copy)
    i.__scatterload_null                     0x08001f76   Section        2  handlers.o(i.__scatterload_null)
    i.__scatterload_zeroinit                 0x08001f78   Section       14  handlers.o(i.__scatterload_zeroinit)
    i.main                                   0x08001f88   Section        0  main.o(i.main)
    .constdata                               0x08002018   Section       18  stm32f1xx_hal_rcc.o(.constdata)
    aPLLMULFactorTable                       0x08002018   Data          16  stm32f1xx_hal_rcc.o(.constdata)
    aPredivFactorTable                       0x08002028   Data           2  stm32f1xx_hal_rcc.o(.constdata)
    .constdata                               0x0800202a   Section       24  system_stm32f1xx.o(.constdata)
    .data                                    0x20000000   Section        4  myuart.o(.data)
    .data                                    0x20000004   Section        8  main.o(.data)
    .data                                    0x2000000c   Section       12  stm32f1xx_hal.o(.data)
    .data                                    0x20000018   Section        4  system_stm32f1xx.o(.data)
    .bss                                     0x2000001c   Section      128  myuart.o(.bss)
    .bss                                     0x2000009c   Section       84  i2c.o(.bss)
    .bss                                     0x200000f0   Section       72  tim.o(.bss)
    .bss                                     0x20000138   Section       72  usart.o(.bss)
    STACK                                    0x20000180   Section     1024  startup_stm32f103xb.o(STACK)

    Global Symbols

    Symbol Name                              Value     Ov Type        Size  Object(Section)

    BuildAttributes$$THM_ISAv4$P$D$K$B$S$PE$A:L22UL41UL21$X:L11$S22US41US21$IEEE1$IW$USESV6$~STKCKD$USESV7$~SHL$OSPACE$EBA8$MICROLIB$REQ8$PRES8$EABIv2 0x00000000   Number         0  anon$$obj.o ABSOLUTE
    __ARM_use_no_argv                        0x00000000   Number         0  main.o ABSOLUTE
    __cpp_initialize__aeabi_                  - Undefined Weak Reference
    __cxa_finalize                            - Undefined Weak Reference
    __decompress                              - Undefined Weak Reference
    _clock_init                               - Undefined Weak Reference
    _microlib_exit                            - Undefined Weak Reference
    __Vectors_Size                           0x000000ec   Number         0  startup_stm32f103xb.o ABSOLUTE
    __Vectors                                0x08000000   Data           4  startup_stm32f103xb.o(RESET)
    __Vectors_End                            0x080000ec   Data           0  startup_stm32f103xb.o(RESET)
    __main                                   0x080000ed   Thumb Code     0  entry.o(.ARM.Collect$$$$00000000)
    _main_stk                                0x080000ed   Thumb Code     0  entry2.o(.ARM.Collect$$$$00000001)
    _main_scatterload                        0x080000f1   Thumb Code     0  entry5.o(.ARM.Collect$$$$00000004)
    __main_after_scatterload                 0x080000f5   Thumb Code     0  entry5.o(.ARM.Collect$$$$00000004)
    _main_clock                              0x080000f5   Thumb Code     0  entry7b.o(.ARM.Collect$$$$00000008)
    _main_cpp_init                           0x080000f5   Thumb Code     0  entry8b.o(.ARM.Collect$$$$0000000A)
    _main_init                               0x080000f5   Thumb Code     0  entry9a.o(.ARM.Collect$$$$0000000B)
    __rt_final_cpp                           0x080000fd   Thumb Code     0  entry10a.o(.ARM.Collect$$$$0000000D)
    __rt_final_exit                          0x080000fd   Thumb Code     0  entry11a.o(.ARM.Collect$$$$0000000F)
    Reset_Handler                            0x08000101   Thumb Code     8  startup_stm32f103xb.o(.text)
    ADC1_2_IRQHandler                        0x0800011b   Thumb Code     0  startup_stm32f103xb.o(.text)
    CAN1_RX1_IRQHandler                      0x0800011b   Thumb Code     0  startup_stm32f103xb.o(.text)
    CAN1_SCE_IRQHandler                      0x0800011b   Thumb Code     0  startup_stm32f103xb.o(.text)
    DMA1_Channel1_IRQHandler                 0x0800011b   Thumb Code     0  startup_stm32f103xb.o(.text)
    DMA1_Channel2_IRQHandler                 0x0800011b   Thumb Code     0  startup_stm32f103xb.o(.text)
    DMA1_Channel3_IRQHandler                 0x0800011b   Thumb Code     0  startup_stm32f103xb.o(.text)
    DMA1_Channel4_IRQHandler                 0x0800011b   Thumb Code     0  startup_stm32f103xb.o(.text)
    DMA1_Channel5_IRQHandler                 0x0800011b   Thumb Code     0  startup_stm32f103xb.o(.text)
    DMA1_Channel6_IRQHandler                 0x0800011b   Thumb Code     0  startup_stm32f103xb.o(.text)
    DMA1_Channel7_IRQHandler                 0x0800011b   Thumb Code     0  startup_stm32f103xb.o(.text)
    EXTI0_IRQHandler                         0x0800011b   Thumb Code     0  startup_stm32f103xb.o(.text)
    EXTI15_10_IRQHandler                     0x0800011b   Thumb Code     0  startup_stm32f103xb.o(.text)
    EXTI1_IRQHandler                         0x0800011b   Thumb Code     0  startup_stm32f103xb.o(.text)
    EXTI2_IRQHandler                         0x0800011b   Thumb Code     0  startup_stm32f103xb.o(.text)
    EXTI3_IRQHandler                         0x0800011b   Thumb Code     0  startup_stm32f103xb.o(.text)
    EXTI4_IRQHandler                         0x0800011b   Thumb Code     0  startup_stm32f103xb.o(.text)
    EXTI9_5_IRQHandler                       0x0800011b   Thumb Code     0  startup_stm32f103xb.o(.text)
    FLASH_IRQHandler                         0x0800011b   Thumb Code     0  startup_stm32f103xb.o(.text)
    I2C1_ER_IRQHandler                       0x0800011b   Thumb Code     0  startup_stm32f103xb.o(.text)
    I2C1_EV_IRQHandler                       0x0800011b   Thumb Code     0  startup_stm32f103xb.o(.text)
    I2C2_ER_IRQHandler                       0x0800011b   Thumb Code     0  startup_stm32f103xb.o(.text)
    I2C2_EV_IRQHandler                       0x0800011b   Thumb Code     0  startup_stm32f103xb.o(.text)
    PVD_IRQHandler                           0x0800011b   Thumb Code     0  startup_stm32f103xb.o(.text)
    RCC_IRQHandler                           0x0800011b   Thumb Code     0  startup_stm32f103xb.o(.text)
    RTC_Alarm_IRQHandler                     0x0800011b   Thumb Code     0  startup_stm32f103xb.o(.text)
    RTC_IRQHandler                           0x0800011b   Thumb Code     0  startup_stm32f103xb.o(.text)
    SPI1_IRQHandler                          0x0800011b   Thumb Code     0  startup_stm32f103xb.o(.text)
    SPI2_IRQHandler                          0x0800011b   Thumb Code     0  startup_stm32f103xb.o(.text)
    TAMPER_IRQHandler                        0x0800011b   Thumb Code     0  startup_stm32f103xb.o(.text)
    TIM1_BRK_IRQHandler                      0x0800011b   Thumb Code     0  startup_stm32f103xb.o(.text)
    TIM1_CC_IRQHandler                       0x0800011b   Thumb Code     0  startup_stm32f103xb.o(.text)
    TIM1_TRG_COM_IRQHandler                  0x0800011b   Thumb Code     0  startup_stm32f103xb.o(.text)
    TIM1_UP_IRQHandler                       0x0800011b   Thumb Code     0  startup_stm32f103xb.o(.text)
    TIM2_IRQHandler                          0x0800011b   Thumb Code     0  startup_stm32f103xb.o(.text)
    TIM3_IRQHandler                          0x0800011b   Thumb Code     0  startup_stm32f103xb.o(.text)
    TIM4_IRQHandler                          0x0800011b   Thumb Code     0  startup_stm32f103xb.o(.text)
    USART2_IRQHandler                        0x0800011b   Thumb Code     0  startup_stm32f103xb.o(.text)
    USART3_IRQHandler                        0x0800011b   Thumb Code     0  startup_stm32f103xb.o(.text)
    USBWakeUp_IRQHandler                     0x0800011b   Thumb Code     0  startup_stm32f103xb.o(.text)
    USB_HP_CAN1_TX_IRQHandler                0x0800011b   Thumb Code     0  startup_stm32f103xb.o(.text)
    USB_LP_CAN1_RX0_IRQHandler               0x0800011b   Thumb Code     0  startup_stm32f103xb.o(.text)
    WWDG_IRQHandler                          0x0800011b   Thumb Code     0  startup_stm32f103xb.o(.text)
    __aeabi_memset                           0x08000125   Thumb Code    14  memseta.o(.text)
    __aeabi_memset4                          0x08000125   Thumb Code     0  memseta.o(.text)
    __aeabi_memset8                          0x08000125   Thumb Code     0  memseta.o(.text)
    __aeabi_memclr                           0x08000133   Thumb Code     4  memseta.o(.text)
    __aeabi_memclr4                          0x08000133   Thumb Code     0  memseta.o(.text)
    __aeabi_memclr8                          0x08000133   Thumb Code     0  memseta.o(.text)
    _memset$wrapper                          0x08000137   Thumb Code    18  memseta.o(.text)
    __scatterload                            0x08000149   Thumb Code    28  init.o(.text)
    __scatterload_rt2                        0x08000149   Thumb Code     0  init.o(.text)
    BusFault_Handler                         0x0800016d   Thumb Code     4  stm32f1xx_it.o(i.BusFault_Handler)
    DebugMon_Handler                         0x08000171   Thumb Code     2  stm32f1xx_it.o(i.DebugMon_Handler)
    Error_Handler                            0x08000173   Thumb Code     6  main.o(i.Error_Handler)
    HAL_DMA_Abort                            0x08000179   Thumb Code    86  stm32f1xx_hal_dma.o(i.HAL_DMA_Abort)
    HAL_DMA_Abort_IT                         0x080001d1   Thumb Code   172  stm32f1xx_hal_dma.o(i.HAL_DMA_Abort_IT)
    HAL_Delay                                0x08000281   Thumb Code    36  stm32f1xx_hal.o(i.HAL_Delay)
    HAL_GPIO_Init                            0x080002a9   Thumb Code   762  stm32f1xx_hal_gpio.o(i.HAL_GPIO_Init)
    HAL_GPIO_TogglePin                       0x080005c5   Thumb Code    20  stm32f1xx_hal_gpio.o(i.HAL_GPIO_TogglePin)
    HAL_GPIO_WritePin                        0x080005d9   Thumb Code    12  stm32f1xx_hal_gpio.o(i.HAL_GPIO_WritePin)
    HAL_GetTick                              0x080005e5   Thumb Code     6  stm32f1xx_hal.o(i.HAL_GetTick)
    HAL_I2C_Init                             0x080005f1   Thumb Code   446  stm32f1xx_hal_i2c.o(i.HAL_I2C_Init)
    HAL_I2C_MspInit                          0x080007c1   Thumb Code   104  i2c.o(i.HAL_I2C_MspInit)
    HAL_IncTick                              0x08000835   Thumb Code    16  stm32f1xx_hal.o(i.HAL_IncTick)
    HAL_Init                                 0x0800084d   Thumb Code    34  stm32f1xx_hal.o(i.HAL_Init)
    HAL_InitTick                             0x08000875   Thumb Code    64  stm32f1xx_hal.o(i.HAL_InitTick)
    HAL_MspInit                              0x080008c1   Thumb Code    76  stm32f1xx_hal_msp.o(i.HAL_MspInit)
    HAL_NVIC_EnableIRQ                       0x08000915   Thumb Code    36  stm32f1xx_hal_cortex.o(i.HAL_NVIC_EnableIRQ)
    HAL_NVIC_SetPriority                     0x08000939   Thumb Code   124  stm32f1xx_hal_cortex.o(i.HAL_NVIC_SetPriority)
    HAL_NVIC_SetPriorityGrouping             0x080009b5   Thumb Code    32  stm32f1xx_hal_cortex.o(i.HAL_NVIC_SetPriorityGrouping)
    HAL_RCC_ClockConfig                      0x080009dd   Thumb Code   374  stm32f1xx_hal_rcc.o(i.HAL_RCC_ClockConfig)
    HAL_RCC_GetHCLKFreq                      0x08000b69   Thumb Code     6  stm32f1xx_hal_rcc.o(i.HAL_RCC_GetHCLKFreq)
    HAL_RCC_GetPCLK1Freq                     0x08000b75   Thumb Code    22  stm32f1xx_hal_rcc.o(i.HAL_RCC_GetPCLK1Freq)
    HAL_RCC_GetPCLK2Freq                     0x08000b95   Thumb Code    22  stm32f1xx_hal_rcc.o(i.HAL_RCC_GetPCLK2Freq)
    HAL_RCC_GetSysClockFreq                  0x08000bb5   Thumb Code    92  stm32f1xx_hal_rcc.o(i.HAL_RCC_GetSysClockFreq)
    HAL_RCC_OscConfig                        0x08000c25   Thumb Code  1084  stm32f1xx_hal_rcc.o(i.HAL_RCC_OscConfig)
    HAL_SYSTICK_Config                       0x08001065   Thumb Code    52  stm32f1xx_hal_cortex.o(i.HAL_SYSTICK_Config)
    HAL_TIMEx_MasterConfigSynchronization    0x08001099   Thumb Code   118  stm32f1xx_hal_tim_ex.o(i.HAL_TIMEx_MasterConfigSynchronization)
    HAL_TIM_Base_Init                        0x0800111d   Thumb Code   102  stm32f1xx_hal_tim.o(i.HAL_TIM_Base_Init)
    HAL_TIM_Base_MspInit                     0x08001185   Thumb Code    40  tim.o(i.HAL_TIM_Base_MspInit)
    HAL_TIM_ConfigClockSource                0x080011b5   Thumb Code   268  stm32f1xx_hal_tim.o(i.HAL_TIM_ConfigClockSource)
    HAL_UARTEx_ReceiveToIdle_IT              0x080012c1   Thumb Code   114  stm32f1xx_hal_uart.o(i.HAL_UARTEx_ReceiveToIdle_IT)
    HAL_UARTEx_RxEventCallback               0x08001335   Thumb Code    28  myuart.o(i.HAL_UARTEx_RxEventCallback)
    HAL_UART_ErrorCallback                   0x0800135d   Thumb Code     2  stm32f1xx_hal_uart.o(i.HAL_UART_ErrorCallback)
    HAL_UART_IRQHandler                      0x08001361   Thumb Code   728  stm32f1xx_hal_uart.o(i.HAL_UART_IRQHandler)
    HAL_UART_Init                            0x0800163d   Thumb Code   118  stm32f1xx_hal_uart.o(i.HAL_UART_Init)
    HAL_UART_MspInit                         0x080016b5   Thumb Code   138  usart.o(i.HAL_UART_MspInit)
    HAL_UART_RxCpltCallback                  0x0800174d   Thumb Code     2  myuart.o(i.HAL_UART_RxCpltCallback)
    HAL_UART_Transmit                        0x0800174f   Thumb Code   178  stm32f1xx_hal_uart.o(i.HAL_UART_Transmit)
    HAL_UART_TxCpltCallback                  0x08001801   Thumb Code     2  stm32f1xx_hal_uart.o(i.HAL_UART_TxCpltCallback)
    HardFault_Handler                        0x08001803   Thumb Code     4  stm32f1xx_it.o(i.HardFault_Handler)
    MX_GPIO_Init                             0x08001809   Thumb Code   194  gpio.o(i.MX_GPIO_Init)
    MX_I2C1_Init                             0x080018d9   Thumb Code    48  i2c.o(i.MX_I2C1_Init)
    MX_TIM1_Init                             0x08001915   Thumb Code   102  tim.o(i.MX_TIM1_Init)
    MX_USART1_UART_Init                      0x08001985   Thumb Code    46  usart.o(i.MX_USART1_UART_Init)
    MemManage_Handler                        0x080019bd   Thumb Code     4  stm32f1xx_it.o(i.MemManage_Handler)
    NMI_Handler                              0x080019c1   Thumb Code     4  stm32f1xx_it.o(i.NMI_Handler)
    PendSV_Handler                           0x080019c5   Thumb Code     2  stm32f1xx_it.o(i.PendSV_Handler)
    SVC_Handler                              0x080019f1   Thumb Code     2  stm32f1xx_it.o(i.SVC_Handler)
    SysTick_Handler                          0x080019f3   Thumb Code     8  stm32f1xx_it.o(i.SysTick_Handler)
    SystemClock_Config                       0x080019fb   Thumb Code   102  main.o(i.SystemClock_Config)
    SystemInit                               0x08001a61   Thumb Code     2  system_stm32f1xx.o(i.SystemInit)
    TIM_Base_SetConfig                       0x08001a65   Thumb Code   104  stm32f1xx_hal_tim.o(i.TIM_Base_SetConfig)
    TIM_ETR_SetConfig                        0x08001ad9   Thumb Code    22  stm32f1xx_hal_tim.o(i.TIM_ETR_SetConfig)
    UART_Start_Receive_IT                    0x08001de9   Thumb Code    64  stm32f1xx_hal_uart.o(i.UART_Start_Receive_IT)
    USART1_IRQHandler                        0x08001f1d   Thumb Code    10  stm32f1xx_it.o(i.USART1_IRQHandler)
    UsageFault_Handler                       0x08001f2d   Thumb Code     4  stm32f1xx_it.o(i.UsageFault_Handler)
    __scatterload_copy                       0x08001f69   Thumb Code    14  handlers.o(i.__scatterload_copy)
    __scatterload_null                       0x08001f77   Thumb Code     2  handlers.o(i.__scatterload_null)
    __scatterload_zeroinit                   0x08001f79   Thumb Code    14  handlers.o(i.__scatterload_zeroinit)
    main                                     0x08001f89   Thumb Code   120  main.o(i.main)
    AHBPrescTable                            0x0800202a   Data          16  system_stm32f1xx.o(.constdata)
    APBPrescTable                            0x0800203a   Data           8  system_stm32f1xx.o(.constdata)
    Region$$Table$$Base                      0x08002044   Number         0  anon$$obj.o(Region$$Table)
    Region$$Table$$Limit                     0x08002064   Number         0  anon$$obj.o(Region$$Table)
    indx                                     0x20000000   Data           4  myuart.o(.data)
    send_num                                 0x20000004   Data           1  main.o(.data)
    rx_flag                                  0x20000005   Data           1  main.o(.data)
    modbus_data                              0x20000006   Data           6  main.o(.data)
    uwTickPrio                               0x2000000c   Data           4  stm32f1xx_hal.o(.data)
    uwTickFreq                               0x20000010   Data           1  stm32f1xx_hal.o(.data)
    uwTick                                   0x20000014   Data           4  stm32f1xx_hal.o(.data)
    SystemCoreClock                          0x20000018   Data           4  system_stm32f1xx.o(.data)
    text                                     0x2000001c   Data         128  myuart.o(.bss)
    hi2c1                                    0x2000009c   Data          84  i2c.o(.bss)
    htim1                                    0x200000f0   Data          72  tim.o(.bss)
    huart1                                   0x20000138   Data          72  usart.o(.bss)
    __initial_sp                             0x20000580   Data           0  startup_stm32f103xb.o(STACK)



==============================================================================

Memory Map of the image

  Image Entry point : 0x080000ed

  Load Region LR_IROM1 (Base: 0x08000000, Size: 0x00002080, Max: 0x00010000, ABSOLUTE)

    Execution Region ER_IROM1 (Exec base: 0x08000000, Load base: 0x08000000, Size: 0x00002064, Max: 0x00010000, ABSOLUTE)

    Exec Addr    Load Addr    Size         Type   Attr      Idx    E Section Name        Object

    0x08000000   0x08000000   0x000000ec   Data   RO            3    RESET               startup_stm32f103xb.o
    0x080000ec   0x080000ec   0x00000000   Code   RO         3506  * .ARM.Collect$$$$00000000  mc_w.l(entry.o)
    0x080000ec   0x080000ec   0x00000004   Code   RO         3513    .ARM.Collect$$$$00000001  mc_w.l(entry2.o)
    0x080000f0   0x080000f0   0x00000004   Code   RO         3516    .ARM.Collect$$$$00000004  mc_w.l(entry5.o)
    0x080000f4   0x080000f4   0x00000000   Code   RO         3518    .ARM.Collect$$$$00000008  mc_w.l(entry7b.o)
    0x080000f4   0x080000f4   0x00000000   Code   RO         3520    .ARM.Collect$$$$0000000A  mc_w.l(entry8b.o)
    0x080000f4   0x080000f4   0x00000008   Code   RO         3521    .ARM.Collect$$$$0000000B  mc_w.l(entry9a.o)
    0x080000fc   0x080000fc   0x00000000   Code   RO         3523    .ARM.Collect$$$$0000000D  mc_w.l(entry10a.o)
    0x080000fc   0x080000fc   0x00000000   Code   RO         3525    .ARM.Collect$$$$0000000F  mc_w.l(entry11a.o)
    0x080000fc   0x080000fc   0x00000004   Code   RO         3514    .ARM.Collect$$$$00002712  mc_w.l(entry2.o)
    0x08000100   0x08000100   0x00000024   Code   RO            4    .text               startup_stm32f103xb.o
    0x08000124   0x08000124   0x00000024   Code   RO         3511    .text               mc_w.l(memseta.o)
    0x08000148   0x08000148   0x00000024   Code   RO         3527    .text               mc_w.l(init.o)
    0x0800016c   0x0800016c   0x00000004   Code   RO          488    i.BusFault_Handler  stm32f1xx_it.o
    0x08000170   0x08000170   0x00000002   Code   RO          489    i.DebugMon_Handler  stm32f1xx_it.o
    0x08000172   0x08000172   0x00000006   Code   RO          278    i.Error_Handler     main.o
    0x08000178   0x08000178   0x00000056   Code   RO         1493    i.HAL_DMA_Abort     stm32f1xx_hal_dma.o
    0x080001ce   0x080001ce   0x00000002   PAD
    0x080001d0   0x080001d0   0x000000b0   Code   RO         1494    i.HAL_DMA_Abort_IT  stm32f1xx_hal_dma.o
    0x08000280   0x08000280   0x00000028   Code   RO         1114    i.HAL_Delay         stm32f1xx_hal.o
    0x080002a8   0x080002a8   0x0000031c   Code   RO         1429    i.HAL_GPIO_Init     stm32f1xx_hal_gpio.o
    0x080005c4   0x080005c4   0x00000014   Code   RO         1432    i.HAL_GPIO_TogglePin  stm32f1xx_hal_gpio.o
    0x080005d8   0x080005d8   0x0000000c   Code   RO         1433    i.HAL_GPIO_WritePin  stm32f1xx_hal_gpio.o
    0x080005e4   0x080005e4   0x0000000c   Code   RO         1118    i.HAL_GetTick       stm32f1xx_hal.o
    0x080005f0   0x080005f0   0x000001d0   Code   RO          641    i.HAL_I2C_Init      stm32f1xx_hal_i2c.o
    0x080007c0   0x080007c0   0x00000074   Code   RO          363    i.HAL_I2C_MspInit   i2c.o
    0x08000834   0x08000834   0x00000018   Code   RO         1124    i.HAL_IncTick       stm32f1xx_hal.o
    0x0800084c   0x0800084c   0x00000028   Code   RO         1125    i.HAL_Init          stm32f1xx_hal.o
    0x08000874   0x08000874   0x0000004c   Code   RO         1126    i.HAL_InitTick      stm32f1xx_hal.o
    0x080008c0   0x080008c0   0x00000054   Code   RO          570    i.HAL_MspInit       stm32f1xx_hal_msp.o
    0x08000914   0x08000914   0x00000024   Code   RO         1589    i.HAL_NVIC_EnableIRQ  stm32f1xx_hal_cortex.o
    0x08000938   0x08000938   0x0000007c   Code   RO         1595    i.HAL_NVIC_SetPriority  stm32f1xx_hal_cortex.o
    0x080009b4   0x080009b4   0x00000028   Code   RO         1596    i.HAL_NVIC_SetPriorityGrouping  stm32f1xx_hal_cortex.o
    0x080009dc   0x080009dc   0x0000018c   Code   RO         1282    i.HAL_RCC_ClockConfig  stm32f1xx_hal_rcc.o
    0x08000b68   0x08000b68   0x0000000c   Code   RO         1287    i.HAL_RCC_GetHCLKFreq  stm32f1xx_hal_rcc.o
    0x08000b74   0x08000b74   0x00000020   Code   RO         1289    i.HAL_RCC_GetPCLK1Freq  stm32f1xx_hal_rcc.o
    0x08000b94   0x08000b94   0x00000020   Code   RO         1290    i.HAL_RCC_GetPCLK2Freq  stm32f1xx_hal_rcc.o
    0x08000bb4   0x08000bb4   0x00000070   Code   RO         1291    i.HAL_RCC_GetSysClockFreq  stm32f1xx_hal_rcc.o
    0x08000c24   0x08000c24   0x00000440   Code   RO         1294    i.HAL_RCC_OscConfig  stm32f1xx_hal_rcc.o
    0x08001064   0x08001064   0x00000034   Code   RO         1600    i.HAL_SYSTICK_Config  stm32f1xx_hal_cortex.o
    0x08001098   0x08001098   0x00000084   Code   RO         2851    i.HAL_TIMEx_MasterConfigSynchronization  stm32f1xx_hal_tim_ex.o
    0x0800111c   0x0800111c   0x00000066   Code   RO         2117    i.HAL_TIM_Base_Init  stm32f1xx_hal_tim.o
    0x08001182   0x08001182   0x00000002   PAD
    0x08001184   0x08001184   0x00000030   Code   RO          405    i.HAL_TIM_Base_MspInit  tim.o
    0x080011b4   0x080011b4   0x0000010c   Code   RO         2126    i.HAL_TIM_ConfigClockSource  stm32f1xx_hal_tim.o
    0x080012c0   0x080012c0   0x00000072   Code   RO         3110    i.HAL_UARTEx_ReceiveToIdle_IT  stm32f1xx_hal_uart.o
    0x08001332   0x08001332   0x00000002   PAD
    0x08001334   0x08001334   0x00000028   Code   RO          236    i.HAL_UARTEx_RxEventCallback  myuart.o
    0x0800135c   0x0800135c   0x00000002   Code   RO         3125    i.HAL_UART_ErrorCallback  stm32f1xx_hal_uart.o
    0x0800135e   0x0800135e   0x00000002   PAD
    0x08001360   0x08001360   0x000002dc   Code   RO         3128    i.HAL_UART_IRQHandler  stm32f1xx_hal_uart.o
    0x0800163c   0x0800163c   0x00000076   Code   RO         3129    i.HAL_UART_Init     stm32f1xx_hal_uart.o
    0x080016b2   0x080016b2   0x00000002   PAD
    0x080016b4   0x080016b4   0x00000098   Code   RO          447    i.HAL_UART_MspInit  usart.o
    0x0800174c   0x0800174c   0x00000002   Code   RO          237    i.HAL_UART_RxCpltCallback  myuart.o
    0x0800174e   0x0800174e   0x000000b2   Code   RO         3137    i.HAL_UART_Transmit  stm32f1xx_hal_uart.o
    0x08001800   0x08001800   0x00000002   Code   RO         3140    i.HAL_UART_TxCpltCallback  stm32f1xx_hal_uart.o
    0x08001802   0x08001802   0x00000004   Code   RO          490    i.HardFault_Handler  stm32f1xx_it.o
    0x08001806   0x08001806   0x00000002   PAD
    0x08001808   0x08001808   0x000000d0   Code   RO          338    i.MX_GPIO_Init      gpio.o
    0x080018d8   0x080018d8   0x0000003c   Code   RO          364    i.MX_I2C1_Init      i2c.o
    0x08001914   0x08001914   0x00000070   Code   RO          406    i.MX_TIM1_Init      tim.o
    0x08001984   0x08001984   0x00000038   Code   RO          448    i.MX_USART1_UART_Init  usart.o
    0x080019bc   0x080019bc   0x00000004   Code   RO          491    i.MemManage_Handler  stm32f1xx_it.o
    0x080019c0   0x080019c0   0x00000004   Code   RO          492    i.NMI_Handler       stm32f1xx_it.o
    0x080019c4   0x080019c4   0x00000002   Code   RO          493    i.PendSV_Handler    stm32f1xx_it.o
    0x080019c6   0x080019c6   0x00000002   PAD
    0x080019c8   0x080019c8   0x00000028   Code   RO         1295    i.RCC_Delay         stm32f1xx_hal_rcc.o
    0x080019f0   0x080019f0   0x00000002   Code   RO          494    i.SVC_Handler       stm32f1xx_it.o
    0x080019f2   0x080019f2   0x00000008   Code   RO          495    i.SysTick_Handler   stm32f1xx_it.o
    0x080019fa   0x080019fa   0x00000066   Code   RO          279    i.SystemClock_Config  main.o
    0x08001a60   0x08001a60   0x00000002   Code   RO         3473    i.SystemInit        system_stm32f1xx.o
    0x08001a62   0x08001a62   0x00000002   PAD
    0x08001a64   0x08001a64   0x00000074   Code   RO         2210    i.TIM_Base_SetConfig  stm32f1xx_hal_tim.o
    0x08001ad8   0x08001ad8   0x00000016   Code   RO         2221    i.TIM_ETR_SetConfig  stm32f1xx_hal_tim.o
    0x08001aee   0x08001aee   0x00000012   Code   RO         2222    i.TIM_ITRx_SetConfig  stm32f1xx_hal_tim.o
    0x08001b00   0x08001b00   0x00000026   Code   RO         2228    i.TIM_TI1_ConfigInputStage  stm32f1xx_hal_tim.o
    0x08001b26   0x08001b26   0x00000028   Code   RO         2230    i.TIM_TI2_ConfigInputStage  stm32f1xx_hal_tim.o
    0x08001b4e   0x08001b4e   0x00000014   Code   RO         3142    i.UART_DMAAbortOnError  stm32f1xx_hal_uart.o
    0x08001b62   0x08001b62   0x0000006c   Code   RO         3152    i.UART_EndRxTransfer  stm32f1xx_hal_uart.o
    0x08001bce   0x08001bce   0x00000020   Code   RO         3153    i.UART_EndTransmit_IT  stm32f1xx_hal_uart.o
    0x08001bee   0x08001bee   0x000000fc   Code   RO         3155    i.UART_Receive_IT   stm32f1xx_hal_uart.o
    0x08001cea   0x08001cea   0x00000002   PAD
    0x08001cec   0x08001cec   0x000000fc   Code   RO         3156    i.UART_SetConfig    stm32f1xx_hal_uart.o
    0x08001de8   0x08001de8   0x00000040   Code   RO         3158    i.UART_Start_Receive_IT  stm32f1xx_hal_uart.o
    0x08001e28   0x08001e28   0x00000062   Code   RO         3159    i.UART_Transmit_IT  stm32f1xx_hal_uart.o
    0x08001e8a   0x08001e8a   0x00000090   Code   RO         3160    i.UART_WaitOnFlagUntilTimeout  stm32f1xx_hal_uart.o
    0x08001f1a   0x08001f1a   0x00000002   PAD
    0x08001f1c   0x08001f1c   0x00000010   Code   RO          496    i.USART1_IRQHandler  stm32f1xx_it.o
    0x08001f2c   0x08001f2c   0x00000004   Code   RO          497    i.UsageFault_Handler  stm32f1xx_it.o
    0x08001f30   0x08001f30   0x00000010   Code   RO         1602    i.__NVIC_GetPriorityGrouping  stm32f1xx_hal_cortex.o
    0x08001f40   0x08001f40   0x00000028   Code   RO         1603    i.__NVIC_SetPriority  stm32f1xx_hal_cortex.o
    0x08001f68   0x08001f68   0x0000000e   Code   RO         3531    i.__scatterload_copy  mc_w.l(handlers.o)
    0x08001f76   0x08001f76   0x00000002   Code   RO         3532    i.__scatterload_null  mc_w.l(handlers.o)
    0x08001f78   0x08001f78   0x0000000e   Code   RO         3533    i.__scatterload_zeroinit  mc_w.l(handlers.o)
    0x08001f86   0x08001f86   0x00000002   PAD
    0x08001f88   0x08001f88   0x00000090   Code   RO          282    i.main              main.o
    0x08002018   0x08002018   0x00000012   Data   RO         1296    .constdata          stm32f1xx_hal_rcc.o
    0x0800202a   0x0800202a   0x00000018   Data   RO         3474    .constdata          system_stm32f1xx.o
    0x08002042   0x08002042   0x00000002   PAD
    0x08002044   0x08002044   0x00000020   Data   RO         3529    Region$$Table       anon$$obj.o


    Execution Region RW_IRAM1 (Exec base: 0x20000000, Load base: 0x08002064, Size: 0x00000580, Max: 0x00005000, ABSOLUTE)

    Exec Addr    Load Addr    Size         Type   Attr      Idx    E Section Name        Object

    0x20000000   0x08002064   0x00000004   Data   RW          239    .data               myuart.o
    0x20000004   0x08002068   0x00000008   Data   RW          284    .data               main.o
    0x2000000c   0x08002070   0x0000000c   Data   RW         1132    .data               stm32f1xx_hal.o
    0x20000018   0x0800207c   0x00000004   Data   RW         3475    .data               system_stm32f1xx.o
    0x2000001c        -       0x00000080   Zero   RW          238    .bss                myuart.o
    0x2000009c        -       0x00000054   Zero   RW          365    .bss                i2c.o
    0x200000f0        -       0x00000048   Zero   RW          407    .bss                tim.o
    0x20000138        -       0x00000048   Zero   RW          449    .bss                usart.o
    0x20000180        -       0x00000400   Zero   RW            1    STACK               startup_stm32f103xb.o


==============================================================================

Image component sizes


      Code (inc. data)   RO Data    RW Data    ZI Data      Debug   Object Name

         0          0          0          0          0     432724   dht11.o
       208         14          0          0          0        859   gpio.o
       176         24          0          0         84       1389   i2c.o
       252         24          0          8          0       2481   main.o
        42         12          0          4        128       1409   myuart.o
        36          8        236          0       1024        744   startup_stm32f103xb.o
       192         36          0         12          0       5465   stm32f1xx_hal.o
       308         22          0          0          0      29019   stm32f1xx_hal_cortex.o
       262          4          0          0          0       1583   stm32f1xx_hal_dma.o
       828         34          0          0          0       3073   stm32f1xx_hal_gpio.o
       464         18          0          0          0       2015   stm32f1xx_hal_i2c.o
        84          8          0          0          0        794   stm32f1xx_hal_msp.o
      1712         92         18          0          0       5528   stm32f1xx_hal_rcc.o
       604         12          0          0          0       5005   stm32f1xx_hal_tim.o
       132         14          0          0          0       1208   stm32f1xx_hal_tim_ex.o
      2116          8          0          0          0      10623   stm32f1xx_hal_uart.o
        50          6          0          0          0       3882   stm32f1xx_it.o
         2          0         24          4          0        963   system_stm32f1xx.o
       160         18          0          0         72       1418   tim.o
       208         24          0          0         72       1450   usart.o

    ----------------------------------------------------------------------
      7856        378        312         28       1380     511632   Object Totals
         0          0         32          0          0          0   (incl. Generated)
        20          0          2          0          0          0   (incl. Padding)

    ----------------------------------------------------------------------

      Code (inc. data)   RO Data    RW Data    ZI Data      Debug   Library Member Name

         0          0          0          0          0          0   entry.o
         0          0          0          0          0          0   entry10a.o
         0          0          0          0          0          0   entry11a.o
         8          4          0          0          0          0   entry2.o
         4          0          0          0          0          0   entry5.o
         0          0          0          0          0          0   entry7b.o
         0          0          0          0          0          0   entry8b.o
         8          4          0          0          0          0   entry9a.o
        30          0          0          0          0          0   handlers.o
        36          8          0          0          0         68   init.o
        36          0          0          0          0        108   memseta.o

    ----------------------------------------------------------------------
       124         16          0          0          0        176   Library Totals
         2          0          0          0          0          0   (incl. Padding)

    ----------------------------------------------------------------------

      Code (inc. data)   RO Data    RW Data    ZI Data      Debug   Library Name

       122         16          0          0          0        176   mc_w.l

    ----------------------------------------------------------------------
       124         16          0          0          0        176   Library Totals

    ----------------------------------------------------------------------

==============================================================================


      Code (inc. data)   RO Data    RW Data    ZI Data      Debug   

      7980        394        312         28       1380     508376   Grand Totals
      7980        394        312         28       1380     508376   ELF Image Totals
      7980        394        312         28          0          0   ROM Totals

==============================================================================

    Total RO  Size (Code + RO Data)                 8292 (   8.10kB)
    Total RW  Size (RW Data + ZI Data)              1408 (   1.38kB)
    Total ROM Size (Code + RO Data + RW Data)       8320 (   8.13kB)

==============================================================================

